┌────────┬────────────┬─────┬──────────┐
│ Id     │ First Name │ Age │ Employed │
├────────┼────────────┼─────┼──────────┤
│ 51786… │ Charlie    │ 22  │ false    │
├────────┼────────────┼─────┼──────────┤
│ 49032… │ Bob        │ 21  │ true     │
├────────┼────────────┼─────┼──────────┤
│ 36329… │ Alice      │ 20  │ true     │
└────────┴────────────┴─────┴──────────┘

