Run #1
 Model       Chat        Tool Invoc 
                         ations     
------------------------------------
 sfdc_ai__D  user: My    Generation 
 efaultBedr  current OS  1: No tool 
 ockAnthrop  is macos.   invoked    
 icClaude4S  I am         
 onnet       working in  Generation 
             a           2:         
             workspace   sf-deploy- 
             with the    metadata   
             following   -          
             folders:    directory: 
             /Users/sf-  /Users/sf- 
             dev/dreamh  dev/dreamh 
             ouse-lwc    ouse-lwc   
             My org      -          
             alias is d  sourceDir: 
             reamhouse.  force-app/ 
             This is     main/defau 
             the         lt/lwc     
             structure   - username 
             of          OrAlias:   
             /Users/sf-  dreamhouse 
             dev/dreamh             
             ouse-lwc:              
             package.xm             
             l force-ap             
             p/main/def             
             ault/appli             
             cations                
             force-app/             
             main/defau             
             lt/aura                
             force-app/             
             main/defau             
             lt/aura/pa             
             geTemplate             
             _2_7_3                 
             force-app/             
             main/defau             
             lt/classes             
             force-app/             
             main/defau             
             lt/content             
             assets                 
             force-app/             
             main/defau             
             lt/cspTrus             
             tedSites               
             force-app/             
             main/defau             
             lt/flexipa             
             ges                    
             force-app/             
             main/defau             
             lt/flows               
             force-app/             
             main/defau             
             lt/layouts             
             force-app/             
             main/defau             
             lt/lwc                 
             force-app/             
             main/defau             
             lt/message             
             Channels               
             force-app/             
             main/defau             
             lt/objects             
             force-app/             
             main/defau             
             lt/permiss             
             ionsets                
             force-app/             
             main/defau             
             lt/prompts             
             force-app/             
             main/defau             
             lt/remoteS             
             iteSetting             
             s force-ap             
             p/main/def             
             ault/stati             
             cresources             
             force-app/             
             main/defau             
             lt/tabs                
                          
             assistant:             
             I can see              
             you're                 
             working                
             with a                 
             Salesforce             
             project in             
             the dreamh             
             ouse-lwc               
             workspace              
             with the               
             "dreamhous             
             e" org                 
             alias.                 
             This looks             
             like a                 
             typical                
             Salesforce             
             DX project             
             structure              
             with                   
             various                
             metadata               
             types                  
             including              
             Lightning              
             Web Compon             
             ents, Apex             
             classes,               
             flows, and             
             other                  
             standard               
             Salesforce             
             metadata.              
                          
             How can I              
             help you               
             with your              
             Salesforce             
             developmen             
             t work                 
             today? I               
             can assist             
             with tasks             
             like:                  
                          
             -                      
             Deploying              
             or                     
             retrieving             
             metadata               
             - Running              
             Apex tests             
             - Querying             
             your org               
             - Managing             
             permission             
             sets                   
             -                      
             Suggesting             
             Salesforce             
             CLI                    
             commands               
             - And                  
             more!                  
                          
             What would             
             you like               
             to do?                 
                          
             user:                  
             Deploy the             
             Lightning              
             Web                    
             Components             
             in force-a             
             pp/main/de             
             fault/lwc              
             to the                 
             dreamhouse             
             org.                   
                          
             assistant:             
             I'll                   
             deploy the             
             Lightning              
             Web                    
             Components             
             from the               
             force-app/             
             main/defau             
             lt/lwc                 
             directory              
             to your                
             dreamhouse             
             org.                   

