
 Employees
 ┌─────┬─────┬─────┬─────┐
 │ Id  │ Na… │ Age │ De… │
 ├─────┼─────┼─────┼─────┤
 │ 36… │ Al… │ 20  │ Lo… │
 ├─────┼─────┼─────┼─────┤
 │ 49… │ Bob │ 21  │ Lo… │
 ├─────┼─────┼─────┼─────┤
 │ 51… │ Ch… │ 22  │ Lo… │
 └─────┴─────┴─────┴─────┘

 Stocks
 ┌─────┬─────┬─────┐
 │ Ti… │ Na… │ Pr… │
 ├─────┼─────┼─────┤
 │ AA… │ Ap… │ 200 │
 ├─────┼─────┼─────┤
 │ GO… │ Al… │ 150 │
 ├─────┼─────┼─────┤
 │ MS… │ Mi… │ 400 │
 └─────┴─────┴─────┘

 Projects
 ┌────┬──────┬────────┬────────────┐
 │ Id │ Name │ Status │ Descripti… │
 ├────┼──────┼────────┼────────────┤
 │ 1  │ Pro… │ active │ Lorem ips… │
 ├────┼──────┼────────┼────────────┤
 │ 2  │ Pro… │ inact… │ Lorem ips… │
 ├────┼──────┼────────┼────────────┤
 │ 3  │ Pro… │ active │ Lorem ips… │
 └────┴──────┴────────┴────────────┘


