Sort by Age in Descending Order
┌───────┬─────────┬─────┐
│  Id   │  Name   │ Age │
├───────┼─────────┼─────┤
│ 10245 │   Bob   │ 100 │
├───────┼─────────┼─────┤
│ 30345 │  Chris  │ 35  │
├───────┼─────────┼─────┤
│ 20245 │  Alice  │ 30  │
├───────┼─────────┼─────┤
│ 30245 │ Charlie │ 30  │
├───────┼─────────┼─────┤
│ 20345 │   Amy   │ 20  │
├───────┼─────────┼─────┤
│ 10345 │  Bill   │ 10  │
└───────┴─────────┴─────┘

Sort by Age in Descending Order and Id
in Descending Order
┌───────┬─────────┬─────┐
│  Id   │  Name   │ Age │
├───────┼─────────┼─────┤
│ 10245 │   Bob   │ 100 │
├───────┼─────────┼─────┤
│ 30345 │  Chris  │ 35  │
├───────┼─────────┼─────┤
│ 30245 │ Charlie │ 30  │
├───────┼─────────┼─────┤
│ 20245 │  Alice  │ 30  │
├───────┼─────────┼─────┤
│ 20345 │   Amy   │ 20  │
├───────┼─────────┼─────┤
│ 10345 │  Bill   │ 10  │
└───────┴─────────┴─────┘

Sort with Custom Sort Function
┌───────┬─────────┬─────┐
│  Id   │  Name   │ Age │
├───────┼─────────┼─────┤
│ 10345 │  Bill   │ 10  │
├───────┼─────────┼─────┤
│ 20345 │   Amy   │ 20  │
├───────┼─────────┼─────┤
│ 20245 │  Alice  │ 30  │
├───────┼─────────┼─────┤
│ 30245 │ Charlie │ 30  │
├───────┼─────────┼─────┤
│ 30345 │  Chris  │ 35  │
├───────┼─────────┼─────┤
│ 10245 │   Bob   │ 100 │
└───────┴─────────┴─────┘

Filter by Age Greater Than 25
┌───────┬─────────┬─────┐
│  Id   │  Name   │ Age │
├───────┼─────────┼─────┤
│ 10245 │   Bob   │ 100 │
├───────┼─────────┼─────┤
│ 20245 │  Alice  │ 30  │
├───────┼─────────┼─────┤
│ 30245 │ Charlie │ 30  │
├───────┼─────────┼─────┤
│ 30345 │  Chris  │ 35  │
└───────┴─────────┴─────┘

