Run #1
 Model                                                                   Chat                                                                                        Tool Invocations                                                       
--------------------------------------------------------------------------------------------------------------------------------------------------------------------------------------------------------------------------------------------
 sfdc_ai__DefaultBedrockAnthropicClaude4Sonnet                           user: My current OS is macos. I am working in a workspace with the following folders:       Generation 1: No tool invoked                                          
                                                                         /Users/sf-dev/dreamhouse-lwc My org alias is dreamhouse. This is the structure of                                         
                                                                         /Users/sf-dev/dreamhouse-lwc: package.xml force-app/main/default/applications               Generation 2: sf-deploy-metadata                                       
                                                                         force-app/main/default/aura force-app/main/default/aura/pageTemplate_2_7_3                  - directory: /Users/sf-dev/dreamhouse-lwc                              
                                                                         force-app/main/default/classes force-app/main/default/contentassets                         - sourceDir: force-app/main/default/lwc                                
                                                                         force-app/main/default/cspTrustedSites force-app/main/default/flexipages                    - usernameOrAlias: dreamhouse                                          
                                                                         force-app/main/default/flows force-app/main/default/layouts force-app/main/default/lwc                                                                             
                                                                         force-app/main/default/messageChannels force-app/main/default/objects                                                                                              
                                                                         force-app/main/default/permissionsets force-app/main/default/prompts                                                                                               
                                                                         force-app/main/default/remoteSiteSettings force-app/main/default/staticresources                                                                                   
                                                                         force-app/main/default/tabs                                                                                                                                        
                                                                                                                                                  
                                                                         assistant: I can see you're working with a Salesforce project in the dreamhouse-lwc                                                                                
                                                                         workspace with the "dreamhouse" org alias. This looks like a typical Salesforce DX project                                                                         
                                                                         structure with various metadata types including Lightning Web Components, Apex classes,                                                                            
                                                                         flows, and other standard Salesforce metadata.                                                                                                                     
                                                                                                                                                  
                                                                         How can I help you with your Salesforce development work today? I can assist with tasks                                                                            
                                                                         like:                                                                                                                                                              
                                                                                                                                                  
                                                                         - Deploying or retrieving metadata                                                                                                                                 
                                                                         - Running Apex tests                                                                                                                                               
                                                                         - Querying your org                                                                                                                                                
                                                                         - Managing permission sets                                                                                                                                         
                                                                         - Suggesting Salesforce CLI commands                                                                                                                               
                                                                         - And more!                                                                                                                                                        
                                                                                                                                                  
                                                                         What would you like to do?                                                                                                                                         
                                                                                                                                                  
                                                                         user: Deploy the Lightning Web Components in force-app/main/default/lwc to the dreamhouse                                                                          
                                                                         org.                                                                                                                                                               
                                                                                                                                                  
                                                                         assistant: I'll deploy the Lightning Web Components from the force-app/main/default/lwc                                                                            
                                                                         directory to your dreamhouse org.                                                                                                                                  

