Fixed-Width Columns
┌────────────────────────┬────────────────────────┬───────────────────────────────────────────────────────────────────────────────────────────┬────────────────────────────────────────────────────────────────────────────────────────────────┐
│ Test                   │ Result                 │ Expected                                                                                  │ Actual                                                                                         │
├────────────────────────┼────────────────────────┼───────────────────────────────────────────────────────────────────────────────────────────┼────────────────────────────────────────────────────────────────────────────────────────────────┤
│ Topic                  │ Passed                 │ This is a long string of the expected test results. This is a long string of the expected │ This is a long string of the actual test results. This is a long string of the actual test     │
│                        │                        │ test results. This is a long string of the expected test results. This is a long string   │ results. This is a long string of the actual test results. This is a long string of the actual │
│                        │                        │ of the expected test results. This is a long string of the expected test results. This is │ test results. This is a long string of the actual test results. This is a long string of the   │
│                        │                        │ a long string of the expected test results. This is a long string of the expected test    │ actual test results. This is a long string of the actual test results. This is a long string   │
│                        │                        │ results. This is a long string of the expected test results. This is a long string of the │ of the actual test results. This is a long string of the actual test results. This is a long   │
│                        │                        │ expected test results. This is a long string of the expected test results.                │ string of the actual test results. This is a long string of the actual test results. This is a │
│                        │                        │                                                                                           │ long string of the actual test results. This is a long string of the actual test results. This │
│                        │                        │                                                                                           │ is a long string of the actual test results. This is a long string of the actual test results. │
│                        │                        │                                                                                           │ This is a long string of the actual test results. This is a long string of the actual test     │
│                        │                        │                                                                                           │ results. This is a long string of the actual test results. This is a long string of the actual │
│                        │                        │                                                                                           │ test results. This is a long string of the actual test results. This is a long string of the   │
│                        │                        │                                                                                           │ actual test results. This is a long string of the actual test results. This is a long string   │
│                        │                        │                                                                                           │ of the actual test results. This is a long string of the actual test results. This is a long   │
│                        │                        │                                                                                           │ string of the actual test results. This is a long string of the actual test results. This is a │
│                        │                        │                                                                                           │ long string of the actual test results. This is a long string of the actual test results. This │
│                        │                        │                                                                                           │ is a long string of the actual test results. This is a long string of the actual test results. │
│                        │                        │                                                                                           │ This is a long string of the actual test results. This is a long string of the actual test     │
│                        │                        │                                                                                           │ results. This is a long string of the actual test results. This is a long string of the actual │
│                        │                        │                                                                                           │ test results. This is a long string of the actual test results. This is a long string of the   │
│                        │                        │                                                                                           │ actual test results. This is a long string of the actual test results. This is a long string   │
│                        │                        │                                                                                           │ of the actual test results. This is a long string of the actual test results. This is a long   │
│                        │                        │                                                                                           │ string of the actual test results. This is a long string of the actual test results. This is a │
│                        │                        │                                                                                           │ long string of the actual test results. This is a long string of the actual test results. This │
│                        │                        │                                                                                           │ is a long string of the actual test results. This is a long string of the actual test results. │
│                        │                        │                                                                                           │ This is a long string of the actual test results. This is a long string of the actual test     │
│                        │                        │                                                                                           │ results. This is a long string of the actual test results. This is a long string of the actual │
│                        │                        │                                                                                           │ test results. This is a long string of the actual test results.                                │
└────────────────────────┴────────────────────────┴───────────────────────────────────────────────────────────────────────────────────────────┴────────────────────────────────────────────────────────────────────────────────────────────────┘

