Multiline Table
┌───────────────────────────┬───────────────────────────────────────────────────────────────────────────────────────────────┬─────────────────┬────────────────────────────────────────────────┐
│ model                     │ response                                                                                      │ tool            │ arguments                                      │
├───────────────────────────┼───────────────────────────────────────────────────────────────────────────────────────────────┼─────────────────┼────────────────────────────────────────────────┤
│ OpenAI GPT35Turbo         │                                                                                               │ sf-get-username │ defaultDevHub: true                            │
│                           │                                                                                               │                 │ directory: /workspace                          │
├───────────────────────────┼───────────────────────────────────────────────────────────────────────────────────────────────┼─────────────────┼────────────────────────────────────────────────┤
│ OpenAI GPT4OmniMini       │                                                                                               │ sf-get-username │ defaultDevHub: true                            │
│                           │                                                                                               │                 │ directory: /Users/username/salesforce-projects │
├───────────────────────────┼───────────────────────────────────────────────────────────────────────────────────────────────┼─────────────────┼────────────────────────────────────────────────┤
│ Anthropic Claude 4 Sonnet │ I'll help you find your default dev hub username. Let me check your Salesforce configuration. │ sf-get-username │ directory: /Users/antml                        │
│                           │                                                                                               │                 │ defaultDevHub: true                            │
└───────────────────────────┴───────────────────────────────────────────────────────────────────────────────────────────────┴─────────────────┴────────────────────────────────────────────────┘

