
 Employees                                                                                                            Stocks
 ┌───────┬─────────┬─────┬──────────────────────────────────────────────────────────────────────────────────────────┐ ┌────────┬───────────┬───────┐
 │  Id   │  Name   │ Age │                                       Description                                        │ │ Ticker │   Name    │ Price │
 ├───────┼─────────┼─────┼──────────────────────────────────────────────────────────────────────────────────────────┤ ├────────┼───────────┼───────┤
 │ 36329 │  Alice  │ 20  │ Lorem ipsum dolor sit amet, consectetur adipiscing elit. Sed do eiusmod tempor incididu… │ │  AAPL  │   Apple   │  200  │
 ├───────┼─────────┼─────┼──────────────────────────────────────────────────────────────────────────────────────────┤ ├────────┼───────────┼───────┤
 │ 49032 │   Bob   │ 21  │ Lorem ipsum dolor sit amet, consectetur adipiscing elit. Sed do eiusmod tempor incididu… │ │ GOOGL  │ Alphabet  │  150  │
 ├───────┼─────────┼─────┼──────────────────────────────────────────────────────────────────────────────────────────┤ ├────────┼───────────┼───────┤
 │ 51786 │ Charlie │ 22  │ Lorem ipsum dolor sit amet, consectetur adipiscing elit. Sed do eiusmod tempor incididu… │ │  MSFT  │ Microsoft │  400  │
 └───────┴─────────┴─────┴──────────────────────────────────────────────────────────────────────────────────────────┘ └────────┴───────────┴───────┘

 Projects
 ┌────┬───────────┬──────────┬─────────────────────────────────────────────────────────────────────────────────────────────────────────────────────────────┐
 │ Id │   Name    │  Status  │                                                         Description                                                         │
 ├────┼───────────┼──────────┼─────────────────────────────────────────────────────────────────────────────────────────────────────────────────────────────┤
 │ 1  │ Project 1 │  active  │ Lorem ipsum dolor sit amet, consectetur adipiscing elit. Sed do eiusmod tempor incididunt ut labore et dolore magna aliqua. │
 ├────┼───────────┼──────────┼─────────────────────────────────────────────────────────────────────────────────────────────────────────────────────────────┤
 │ 2  │ Project 2 │ inactive │ Lorem ipsum dolor sit amet, consectetur adipiscing elit. Sed do eiusmod tempor incididunt ut labore et dolore magna aliqua. │
 ├────┼───────────┼──────────┼─────────────────────────────────────────────────────────────────────────────────────────────────────────────────────────────┤
 │ 3  │ Project 3 │  active  │ Lorem ipsum dolor sit amet, consectetur adipiscing elit. Sed do eiusmod tempor incididunt ut labore et dolore magna aliqua. │
 └────┴───────────┴──────────┴─────────────────────────────────────────────────────────────────────────────────────────────────────────────────────────────┘


