process.stdout.columns is 0
┌───────┬────────┬──────────────────────────────────────────────────────┬───────────────────────────────────────────────┐
│ Test  │ Result │ Expected                                             │ Actual                                        │
├───────┼────────┼──────────────────────────────────────────────────────┼───────────────────────────────────────────────┤
│ Topic │ Passed │ This is a long string of the expected test results.  │ This is a string of the actual test results.  │
└───────┴────────┴──────────────────────────────────────────────────────┴───────────────────────────────────────────────┘

process.stdout.columns is undefined
┌───────┬────────┬──────────────────────────────────────────────────────┬───────────────────────────────────────────────┐
│ Test  │ Result │ Expected                                             │ Actual                                        │
├───────┼────────┼──────────────────────────────────────────────────────┼───────────────────────────────────────────────┤
│ Topic │ Passed │ This is a long string of the expected test results.  │ This is a string of the actual test results.  │
└───────┴────────┴──────────────────────────────────────────────────────┴───────────────────────────────────────────────┘

