Run #1
 Model             Expected    Actual Tool         Cou  Expe  Actu  Sta 
                   Tool        Invocations         nt   cted  al    tus 
                   Invocation                           Conf  Conf      
                                                        iden  iden      
                                                        ce    ce        
------------------------------------------------------------------------
 sfdc_ai__Default  sf-deploy-  Run 1:              1/1  50%   100%  PAS 
 BedrockAnthropic  metadata    sf-deploy-metadata                   S   
 Claude4Sonnet                                                          

