Fixed-Width Columns
┌────────┬────────┬───────────────────────────┬────────────────────────────────┐
│ Test   │ Result │ Expected                  │ Actual                         │
├────────┼────────┼───────────────────────────┼────────────────────────────────┤
│ Topic  │ Passed │ This is a long string of  │ This is a long string of the   │
│        │        │ the expected test         │ actual test results. This is a │
│        │        │ results. This is a long   │ long string of the actual test │
│        │        │ string of the expected    │ results. This is a long string │
│        │        │ test results. This is a   │ of the actual test results.    │
│        │        │ long string of the        │ This is a long string of the   │
│        │        │ expected test results.    │ actual test results. This is a │
│        │        │ This is a long string of  │ long string of the actual test │
│        │        │ the expected test         │ results. This is a long string │
│        │        │ results. This is a long   │ of the actual test results.    │
│        │        │ string of the expected    │ This is a long string of the   │
│        │        │ test results. This is a   │ actual test results. This is a │
│        │        │ long string of the        │ long string of the actual test │
│        │        │ expected test results.    │ results. This is a long string │
│        │        │ This is a long string of  │ of the actual test results.    │
│        │        │ the expected test         │ This is a long string of the   │
│        │        │ results. This is a long   │ actual test results. This is a │
│        │        │ string of the expected    │ long string of the actual test │
│        │        │ test results. This is a   │ results. This is a long string │
│        │        │ long string of the        │ of the actual test results.    │
│        │        │ expected test results.    │ This is a long string of the   │
│        │        │ This is a long string of  │ actual test results. This is a │
│        │        │ the expected test         │ long string of the actual test │
│        │        │ results.                  │ results. This is a long string │
│        │        │                           │ of the actual test results.    │
│        │        │                           │ This is a long string of the   │
│        │        │                           │ actual test results. This is a │
│        │        │                           │ long string of the actual test │
│        │        │                           │ results. This is a long string │
│        │        │                           │ of the actual test results.    │
│        │        │                           │ This is a long string of the   │
│        │        │                           │ actual test results. This is a │
│        │        │                           │ long string of the actual test │
│        │        │                           │ results. This is a long string │
│        │        │                           │ of the actual test results.    │
│        │        │                           │ This is a long string of the   │
│        │        │                           │ actual test results. This is a │
│        │        │                           │ long string of the actual test │
│        │        │                           │ results. This is a long string │
│        │        │                           │ of the actual test results.    │
│        │        │                           │ This is a long string of the   │
│        │        │                           │ actual test results. This is a │
│        │        │                           │ long string of the actual test │
│        │        │                           │ results. This is a long string │
│        │        │                           │ of the actual test results.    │
│        │        │                           │ This is a long string of the   │
│        │        │                           │ actual test results. This is a │
│        │        │                           │ long string of the actual test │
│        │        │                           │ results. This is a long string │
│        │        │                           │ of the actual test results.    │
│        │        │                           │ This is a long string of the   │
│        │        │                           │ actual test results. This is a │
│        │        │                           │ long string of the actual test │
│        │        │                           │ results. This is a long string │
│        │        │                           │ of the actual test results.    │
│        │        │                           │ This is a long string of the   │
│        │        │                           │ actual test results. This is a │
│        │        │                           │ long string of the actual test │
│        │        │                           │ results. This is a long string │
│        │        │                           │ of the actual test results.    │
│        │        │                           │ This is a long string of the   │
│        │        │                           │ actual test results. This is a │
│        │        │                           │ long string of the actual test │
│        │        │                           │ results. This is a long string │
│        │        │                           │ of the actual test results.    │
│        │        │                           │ This is a long string of the   │
│        │        │                           │ actual test results. This is a │
│        │        │                           │ long string of the actual test │
│        │        │                           │ results. This is a long string │
│        │        │                           │ of the actual test results.    │
│        │        │                           │ This is a long string of the   │
│        │        │                           │ actual test results. This is a │
│        │        │                           │ long string of the actual test │
│        │        │                           │ results. This is a long string │
│        │        │                           │ of the actual test results.    │
│        │        │                           │ This is a long string of the   │
│        │        │                           │ actual test results. This is a │
│        │        │                           │ long string of the actual test │
│        │        │                           │ results. This is a long string │
│        │        │                           │ of the actual test results.    │
│        │        │                           │ This is a long string of the   │
│        │        │                           │ actual test results. This is a │
│        │        │                           │ long string of the actual test │
│        │        │                           │ results.                       │
└────────┴────────┴───────────────────────────┴────────────────────────────────┘

