Long Column Names
┌─────┬────────────────────────────────────────────────────────────────────────┐
│ Na… │ AgeAgeAgeAgeAgeAgeAgeAgeAgeAgeAgeAgeAgeAgeAgeAgeAgeAgeAgeAgeAgeAgeAge… │
├─────┼────────────────────────────────────────────────────────────────────────┤
│ Fo… │                                   0                                    │
├─────┼────────────────────────────────────────────────────────────────────────┤
│ Fo… │                                   1                                    │
├─────┼────────────────────────────────────────────────────────────────────────┤
│ Fo… │                                   2                                    │
├─────┼────────────────────────────────────────────────────────────────────────┤
│ Fo… │                                   3                                    │
├─────┼────────────────────────────────────────────────────────────────────────┤
│ Fo… │                                   4                                    │
├─────┼────────────────────────────────────────────────────────────────────────┤
│ Fo… │                                   5                                    │
├─────┼────────────────────────────────────────────────────────────────────────┤
│ Fo… │                                   6                                    │
├─────┼────────────────────────────────────────────────────────────────────────┤
│ Fo… │                                   7                                    │
├─────┼────────────────────────────────────────────────────────────────────────┤
│ Fo… │                                   8                                    │
├─────┼────────────────────────────────────────────────────────────────────────┤
│ Fo… │                                   9                                    │
└─────┴────────────────────────────────────────────────────────────────────────┘

