
 Employees                            Stocks
 ┌───────┬──────┬─────┬─────────────┐ ┌────────┬───────────┬───────┐
 │  Id   │ Name │ Age │ Description │ │ Ticker │   Name    │ Price │
 ├───────┼──────┼─────┼─────────────┤ ├────────┼───────────┼───────┤
 │ 36329 │ Ali… │ 20  │ Lorem ipsu… │ │  AAPL  │   Apple   │  200  │
 ├───────┼──────┼─────┼─────────────┤ ├────────┼───────────┼───────┤
 │ 49032 │ Bob  │ 21  │ Lorem ipsu… │ │ GOOGL  │ Alphabet  │  150  │
 ├───────┼──────┼─────┼─────────────┤ ├────────┼───────────┼───────┤
 │ 51786 │ Cha… │ 22  │ Lorem ipsu… │ │  MSFT  │ Microsoft │  400  │
 └───────┴──────┴─────┴─────────────┘ └────────┴───────────┴───────┘

 Projects
 ┌────┬───────────┬──────────┬─────────────────────────────────────────────┐
 │ Id │   Name    │  Status  │                 Description                 │
 ├────┼───────────┼──────────┼─────────────────────────────────────────────┤
 │ 1  │ Project 1 │  active  │ Lorem ipsum dolor sit amet, consectetur ad… │
 ├────┼───────────┼──────────┼─────────────────────────────────────────────┤
 │ 2  │ Project 2 │ inactive │ Lorem ipsum dolor sit amet, consectetur ad… │
 ├────┼───────────┼──────────┼─────────────────────────────────────────────┤
 │ 3  │ Project 3 │  active  │ Lorem ipsum dolor sit amet, consectetur ad… │
 └────┴───────────┴──────────┴─────────────────────────────────────────────┘


