Truncate (end)
┌───────┬─────────┬─────┬──────────────────────────────────────────────────────┐
│  Id   │  Name   │ Age │                     Description                      │
├───────┼─────────┼─────┼──────────────────────────────────────────────────────┤
│ 36329 │  Alice  │ 20  │ Lorem ipsum dolor sit amet, consectetur adipiscing … │
├───────┼─────────┼─────┼──────────────────────────────────────────────────────┤
│ 49032 │   Bob   │ 21  │ Lorem ipsum dolor sit amet, consectetur adipiscing … │
├───────┼─────────┼─────┼──────────────────────────────────────────────────────┤
│ 51786 │ Charlie │ 22  │ Lorem ipsum dolor sit amet, consectetur adipiscing … │
└───────┴─────────┴─────┴──────────────────────────────────────────────────────┘

Truncate (start)
┌───────┬─────────┬─────┬──────────────────────────────────────────────────────┐
│  Id   │  Name   │ Age │                     Description                      │
├───────┼─────────┼─────┼──────────────────────────────────────────────────────┤
│ 36329 │  Alice  │ 20  │ …tempor incididunt ut labore et dolore magna aliqua. │
├───────┼─────────┼─────┼──────────────────────────────────────────────────────┤
│ 49032 │   Bob   │ 21  │ …tempor incididunt ut labore et dolore magna aliqua. │
├───────┼─────────┼─────┼──────────────────────────────────────────────────────┤
│ 51786 │ Charlie │ 22  │ …tempor incididunt ut labore et dolore magna aliqua. │
└───────┴─────────┴─────┴──────────────────────────────────────────────────────┘

Truncate (middle)
┌───────┬─────────┬─────┬──────────────────────────────────────────────────────┐
│  Id   │  Name   │ Age │                     Description                      │
├───────┼─────────┼─────┼──────────────────────────────────────────────────────┤
│ 36329 │  Alice  │ 20  │ Lorem ipsum dolor sit amet…e et dolore magna aliqua. │
├───────┼─────────┼─────┼──────────────────────────────────────────────────────┤
│ 49032 │   Bob   │ 21  │ Lorem ipsum dolor sit amet…e et dolore magna aliqua. │
├───────┼─────────┼─────┼──────────────────────────────────────────────────────┤
│ 51786 │ Charlie │ 22  │ Lorem ipsum dolor sit amet…e et dolore magna aliqua. │
└───────┴─────────┴─────┴──────────────────────────────────────────────────────┘

Wrap (aligned center)
┌───────┬─────────┬─────┬──────────────────────────────────────────────────────┐
│  Id   │  Name   │ Age │                     Description                      │
├───────┼─────────┼─────┼──────────────────────────────────────────────────────┤
│ 36329 │  Alice  │ 20  │  Lorem ipsum dolor sit amet, consectetur adipiscing  │
│       │         │     │ elit. Sed do eiusmod tempor incididunt ut labore et  │
│       │         │     │   dolore magna aliqua.Lorem ipsum dolor sit amet,    │
│       │         │     │  consectetur adipiscing elit. Sed do eiusmod tempor  │
│       │         │     │  incididunt ut labore et dolore magna aliqua.Lorem   │
│       │         │     │  ipsum dolor sit amet, consectetur adipiscing elit.  │
│       │         │     │ Sed do eiusmod tempor incididunt ut labore et dolore │
│       │         │     │ magna aliqua.Lorem ipsum dolor sit amet, consectetur │
│       │         │     │ adipiscing elit. Sed do eiusmod tempor incididunt ut │
│       │         │     │ labore et dolore magna aliqua.Lorem ipsum dolor sit  │
│       │         │     │  amet, consectetur adipiscing elit. Sed do eiusmod   │
│       │         │     │ tempor incididunt ut labore et dolore magna aliqua.  │
├───────┼─────────┼─────┼──────────────────────────────────────────────────────┤
│ 49032 │   Bob   │ 21  │  Lorem ipsum dolor sit amet, consectetur adipiscing  │
│       │         │     │ elit. Sed do eiusmod tempor incididunt ut labore et  │
│       │         │     │   dolore magna aliqua.Lorem ipsum dolor sit amet,    │
│       │         │     │  consectetur adipiscing elit. Sed do eiusmod tempor  │
│       │         │     │  incididunt ut labore et dolore magna aliqua.Lorem   │
│       │         │     │  ipsum dolor sit amet, consectetur adipiscing elit.  │
│       │         │     │ Sed do eiusmod tempor incididunt ut labore et dolore │
│       │         │     │ magna aliqua.Lorem ipsum dolor sit amet, consectetur │
│       │         │     │ adipiscing elit. Sed do eiusmod tempor incididunt ut │
│       │         │     │ labore et dolore magna aliqua.Lorem ipsum dolor sit  │
│       │         │     │  amet, consectetur adipiscing elit. Sed do eiusmod   │
│       │         │     │ tempor incididunt ut labore et dolore magna aliqua.  │
├───────┼─────────┼─────┼──────────────────────────────────────────────────────┤
│ 51786 │ Charlie │ 22  │  Lorem ipsum dolor sit amet, consectetur adipiscing  │
│       │         │     │ elit. Sed do eiusmod tempor incididunt ut labore et  │
│       │         │     │   dolore magna aliqua.Lorem ipsum dolor sit amet,    │
│       │         │     │  consectetur adipiscing elit. Sed do eiusmod tempor  │
│       │         │     │  incididunt ut labore et dolore magna aliqua.Lorem   │
│       │         │     │  ipsum dolor sit amet, consectetur adipiscing elit.  │
│       │         │     │ Sed do eiusmod tempor incididunt ut labore et dolore │
│       │         │     │ magna aliqua.Lorem ipsum dolor sit amet, consectetur │
│       │         │     │ adipiscing elit. Sed do eiusmod tempor incididunt ut │
│       │         │     │ labore et dolore magna aliqua.Lorem ipsum dolor sit  │
│       │         │     │  amet, consectetur adipiscing elit. Sed do eiusmod   │
│       │         │     │ tempor incididunt ut labore et dolore magna aliqua.  │
└───────┴─────────┴─────┴──────────────────────────────────────────────────────┘

Wrap (aligned left)
┌───────┬─────────┬─────┬──────────────────────────────────────────────────────┐
│ Id    │ Name    │ Age │ Description                                          │
├───────┼─────────┼─────┼──────────────────────────────────────────────────────┤
│       │         │     │ Lorem ipsum dolor sit amet, consectetur adipiscing   │
│       │         │     │ elit. Sed do eiusmod tempor incididunt ut labore et  │
│       │         │     │ dolore magna aliqua.Lorem ipsum dolor sit amet,      │
│       │         │     │ consectetur adipiscing elit. Sed do eiusmod tempor   │
│       │         │     │ incididunt ut labore et dolore magna aliqua.Lorem    │
│ 36329 │ Alice   │ 20  │ ipsum dolor sit amet, consectetur adipiscing elit.   │
│       │         │     │ Sed do eiusmod tempor incididunt ut labore et dolore │
│       │         │     │ magna aliqua.Lorem ipsum dolor sit amet, consectetur │
│       │         │     │ adipiscing elit. Sed do eiusmod tempor incididunt ut │
│       │         │     │ labore et dolore magna aliqua.Lorem ipsum dolor sit  │
│       │         │     │ amet, consectetur adipiscing elit. Sed do eiusmod    │
│       │         │     │ tempor incididunt ut labore et dolore magna aliqua.  │
├───────┼─────────┼─────┼──────────────────────────────────────────────────────┤
│       │         │     │ Lorem ipsum dolor sit amet, consectetur adipiscing   │
│       │         │     │ elit. Sed do eiusmod tempor incididunt ut labore et  │
│       │         │     │ dolore magna aliqua.Lorem ipsum dolor sit amet,      │
│       │         │     │ consectetur adipiscing elit. Sed do eiusmod tempor   │
│       │         │     │ incididunt ut labore et dolore magna aliqua.Lorem    │
│ 49032 │ Bob     │ 21  │ ipsum dolor sit amet, consectetur adipiscing elit.   │
│       │         │     │ Sed do eiusmod tempor incididunt ut labore et dolore │
│       │         │     │ magna aliqua.Lorem ipsum dolor sit amet, consectetur │
│       │         │     │ adipiscing elit. Sed do eiusmod tempor incididunt ut │
│       │         │     │ labore et dolore magna aliqua.Lorem ipsum dolor sit  │
│       │         │     │ amet, consectetur adipiscing elit. Sed do eiusmod    │
│       │         │     │ tempor incididunt ut labore et dolore magna aliqua.  │
├───────┼─────────┼─────┼──────────────────────────────────────────────────────┤
│       │         │     │ Lorem ipsum dolor sit amet, consectetur adipiscing   │
│       │         │     │ elit. Sed do eiusmod tempor incididunt ut labore et  │
│       │         │     │ dolore magna aliqua.Lorem ipsum dolor sit amet,      │
│       │         │     │ consectetur adipiscing elit. Sed do eiusmod tempor   │
│       │         │     │ incididunt ut labore et dolore magna aliqua.Lorem    │
│ 51786 │ Charlie │ 22  │ ipsum dolor sit amet, consectetur adipiscing elit.   │
│       │         │     │ Sed do eiusmod tempor incididunt ut labore et dolore │
│       │         │     │ magna aliqua.Lorem ipsum dolor sit amet, consectetur │
│       │         │     │ adipiscing elit. Sed do eiusmod tempor incididunt ut │
│       │         │     │ labore et dolore magna aliqua.Lorem ipsum dolor sit  │
│       │         │     │ amet, consectetur adipiscing elit. Sed do eiusmod    │
│       │         │     │ tempor incididunt ut labore et dolore magna aliqua.  │
└───────┴─────────┴─────┴──────────────────────────────────────────────────────┘

Wrap (aligned right)
┌───────┬─────────┬─────┬──────────────────────────────────────────────────────┐
│    Id │    Name │ Age │                                          Description │
├───────┼─────────┼─────┼──────────────────────────────────────────────────────┤
│       │         │     │   Lorem ipsum dolor sit amet, consectetur adipiscing │
│       │         │     │  elit. Sed do eiusmod tempor incididunt ut labore et │
│       │         │     │      dolore magna aliqua.Lorem ipsum dolor sit amet, │
│       │         │     │   consectetur adipiscing elit. Sed do eiusmod tempor │
│       │         │     │    incididunt ut labore et dolore magna aliqua.Lorem │
│       │         │     │   ipsum dolor sit amet, consectetur adipiscing elit. │
│       │         │     │ Sed do eiusmod tempor incididunt ut labore et dolore │
│       │         │     │ magna aliqua.Lorem ipsum dolor sit amet, consectetur │
│       │         │     │ adipiscing elit. Sed do eiusmod tempor incididunt ut │
│       │         │     │  labore et dolore magna aliqua.Lorem ipsum dolor sit │
│       │         │     │    amet, consectetur adipiscing elit. Sed do eiusmod │
│ 36329 │   Alice │  20 │  tempor incididunt ut labore et dolore magna aliqua. │
├───────┼─────────┼─────┼──────────────────────────────────────────────────────┤
│       │         │     │   Lorem ipsum dolor sit amet, consectetur adipiscing │
│       │         │     │  elit. Sed do eiusmod tempor incididunt ut labore et │
│       │         │     │      dolore magna aliqua.Lorem ipsum dolor sit amet, │
│       │         │     │   consectetur adipiscing elit. Sed do eiusmod tempor │
│       │         │     │    incididunt ut labore et dolore magna aliqua.Lorem │
│       │         │     │   ipsum dolor sit amet, consectetur adipiscing elit. │
│       │         │     │ Sed do eiusmod tempor incididunt ut labore et dolore │
│       │         │     │ magna aliqua.Lorem ipsum dolor sit amet, consectetur │
│       │         │     │ adipiscing elit. Sed do eiusmod tempor incididunt ut │
│       │         │     │  labore et dolore magna aliqua.Lorem ipsum dolor sit │
│       │         │     │    amet, consectetur adipiscing elit. Sed do eiusmod │
│ 49032 │     Bob │  21 │  tempor incididunt ut labore et dolore magna aliqua. │
├───────┼─────────┼─────┼──────────────────────────────────────────────────────┤
│       │         │     │   Lorem ipsum dolor sit amet, consectetur adipiscing │
│       │         │     │  elit. Sed do eiusmod tempor incididunt ut labore et │
│       │         │     │      dolore magna aliqua.Lorem ipsum dolor sit amet, │
│       │         │     │   consectetur adipiscing elit. Sed do eiusmod tempor │
│       │         │     │    incididunt ut labore et dolore magna aliqua.Lorem │
│       │         │     │   ipsum dolor sit amet, consectetur adipiscing elit. │
│       │         │     │ Sed do eiusmod tempor incididunt ut labore et dolore │
│       │         │     │ magna aliqua.Lorem ipsum dolor sit amet, consectetur │
│       │         │     │ adipiscing elit. Sed do eiusmod tempor incididunt ut │
│       │         │     │  labore et dolore magna aliqua.Lorem ipsum dolor sit │
│       │         │     │    amet, consectetur adipiscing elit. Sed do eiusmod │
│ 51786 │ Charlie │  22 │  tempor incididunt ut labore et dolore magna aliqua. │
└───────┴─────────┴─────┴──────────────────────────────────────────────────────┘

