┌────┬────────────┬─────────────────────────────────────────────────────────────┬─────────────┬────────────────────┬────────┬─────────┬───────────────────────────────────────┬────────────────────┬──────────────────────────────┬────────────┐
│    │ Alias      │ Instance Url                                                │ Namespace   │ Org Id             │ Status │ Type    │ Username                              │ Dev Hub Id         │ Created                      │ Expires    │
├────┼────────────┼─────────────────────────────────────────────────────────────┼─────────────┼────────────────────┼────────┼─────────┼───────────────────────────────────────┼────────────────────┼──────────────────────────────┼────────────┤
│    │ devhub     │ https://su0503.my.salesforce.com                            │             │ 00DB0000000Ih65MAC │ Connec │ DevHub  │ md@su-blitz.org                       │                    │                              │            │
│    │            │                                                             │             │                    │ ted    │         │                                       │                    │                              │            │
│ 🌳 │ na40devhub │ https://na40-dev-hub.my.salesforce.com                      │             │ 00D460000019MkyEAE │ Connec │ DevHub  │ admin@integrationtesthubna40.org      │                    │                              │            │
│    │            │                                                             │             │                    │ ted    │         │                                       │                    │                              │            │
│    │            │ https://cristianalexisdominguez-devhub.my.salesforce.com    │             │ 00DB00000006Mq3MAE │ Unable │ DevHub  │ cdominguez@gs0-dev-hub-salesforce.com │                    │                              │            │
│    │            │                                                             │             │                    │ to ref │         │                                       │                    │                              │            │
│    │            │                                                             │             │                    │ resh s │         │                                       │                    │                              │            │
│    │            │                                                             │             │                    │ ession │         │                                       │                    │                              │            │
│    │            │                                                             │             │                    │ due    │         │                                       │                    │                              │            │
│    │            │                                                             │             │                    │ to:    │         │                                       │                    │                              │            │
│    │            │                                                             │             │                    │ Error  │         │                                       │                    │                              │            │
│    │            │                                                             │             │                    │ authen │         │                                       │                    │                              │            │
│    │            │                                                             │             │                    │ ticati │         │                                       │                    │                              │            │
│    │            │                                                             │             │                    │ ng     │         │                                       │                    │                              │            │
│    │            │                                                             │             │                    │ with   │         │                                       │                    │                              │            │
│    │            │                                                             │             │                    │ the re │         │                                       │                    │                              │            │
│    │            │                                                             │             │                    │ fresh  │         │                                       │                    │                              │            │
│    │            │                                                             │             │                    │ token  │         │                                       │                    │                              │            │
│    │            │                                                             │             │                    │ due    │         │                                       │                    │                              │            │
│    │            │                                                             │             │                    │ to: ex │         │                                       │                    │                              │            │
│    │            │                                                             │             │                    │ pired  │         │                                       │                    │                              │            │
│    │            │                                                             │             │                    │ access │         │                                       │                    │                              │            │
│    │            │                                                             │             │                    │ /refre │         │                                       │                    │                              │            │
│    │            │                                                             │             │                    │ sh     │         │                                       │                    │                              │            │
│    │            │                                                             │             │                    │ token  │         │                                       │                    │                              │            │
│    │            │ https://su0503.my.salesforce.com                            │             │ 00DB0000000Ih65MAC │ Unable │ DevHub  │ shetzel@gs0.org                       │                    │                              │            │
│    │            │                                                             │             │                    │ to ref │         │                                       │                    │                              │            │
│    │            │                                                             │             │                    │ resh s │         │                                       │                    │                              │            │
│    │            │                                                             │             │                    │ ession │         │                                       │                    │                              │            │
│    │            │                                                             │             │                    │ due    │         │                                       │                    │                              │            │
│    │            │                                                             │             │                    │ to:    │         │                                       │                    │                              │            │
│    │            │                                                             │             │                    │ Error  │         │                                       │                    │                              │            │
│    │            │                                                             │             │                    │ authen │         │                                       │                    │                              │            │
│    │            │                                                             │             │                    │ ticati │         │                                       │                    │                              │            │
│    │            │                                                             │             │                    │ ng     │         │                                       │                    │                              │            │
│    │            │                                                             │             │                    │ with   │         │                                       │                    │                              │            │
│    │            │                                                             │             │                    │ the re │         │                                       │                    │                              │            │
│    │            │                                                             │             │                    │ fresh  │         │                                       │                    │                              │            │
│    │            │                                                             │             │                    │ token  │         │                                       │                    │                              │            │
│    │            │                                                             │             │                    │ due    │         │                                       │                    │                              │            │
│    │            │                                                             │             │                    │ to: ex │         │                                       │                    │                              │            │
│    │            │                                                             │             │                    │ pired  │         │                                       │                    │                              │            │
│    │            │                                                             │             │                    │ access │         │                                       │                    │                              │            │
│    │            │                                                             │             │                    │ /refre │         │                                       │                    │                              │            │
│    │            │                                                             │             │                    │ sh     │         │                                       │                    │                              │            │
│    │            │                                                             │             │                    │ token  │         │                                       │                    │                              │            │
│    │            │ https://su0503--sbxgs01.sandbox.my.salesforce.com           │             │ 00D3I0000008poXUAQ │ Connec │ Sandbox │ shetzel@gs0.org.sbxgs01               │                    │                              │            │
│    │            │                                                             │             │                    │ ted    │         │                                       │                    │                              │            │
│ 🍁 │ ink        │ https://nosoftware-platform-8292-dev-ed.scratch.my.salesfor │ myNamespace │ 00DO2000004SuOLMA0 │ Active │ Scratch │ test-1yomelh1c0ha@example.com         │ 00DB0000000Ih65MAC │ 2024-10-08T15:24:21.000+0000 │ 2024-10-09 │
│    │            │ ce.com                                                      │             │                    │        │         │                                       │                    │                              │            │
└────┴────────────┴─────────────────────────────────────────────────────────────┴─────────────┴────────────────────┴────────┴─────────┴───────────────────────────────────────┴────────────────────┴──────────────────────────────┴────────────┘

