Run #1
 Model          Chat            Tool          
                                Invocations   
----------------------------------------------
 sfdc_ai__Defa  user: My        Generation 1: 
 ultBedrockAnt  current OS is   No tool       
 hropicClaude4  macos. I am     invoked       
 Sonnet         working in a     
                workspace with  Generation 2: 
                the following   sf-deploy-met 
                folders:        adata         
                /Users/sf-dev/  - directory:  
                dreamhouse-lwc  /Users/sf-dev 
                My org alias    /dreamhouse-l 
                is dreamhouse.  wc            
                This is the     - sourceDir:  
                structure of /  force-app/mai 
                Users/sf-dev/d  n/default/lwc 
                reamhouse-lwc:  - usernameOrA 
                package.xml     lias:         
                force-app/main  dreamhouse    
                /default/appli                
                cations                       
                force-app/main                
                /default/aura                 
                force-app/main                
                /default/aura/                
                pageTemplate_2                
                _7_3 force-app                
                /main/default/                
                classes                       
                force-app/main                
                /default/conte                
                ntassets                      
                force-app/main                
                /default/cspTr                
                ustedSites                    
                force-app/main                
                /default/flexi                
                pages                         
                force-app/main                
                /default/flows                
                force-app/main                
                /default/layou                
                ts                            
                force-app/main                
                /default/lwc                  
                force-app/main                
                /default/messa                
                geChannels for                
                ce-app/main/de                
                fault/objects                 
                force-app/main                
                /default/permi                
                ssionsets forc                
                e-app/main/def                
                ault/prompts                  
                force-app/main                
                /default/remot                
                eSiteSettings                 
                force-app/main                
                /default/stati                
                cresources                    
                force-app/main                
                /default/tabs                 
                                
                assistant: I                  
                can see you're                
                working with a                
                Salesforce                    
                project in the                
                dreamhouse-lwc                
                workspace with                
                the                           
                "dreamhouse"                  
                org alias.                    
                This looks                    
                like a typical                
                Salesforce DX                 
                project                       
                structure with                
                various                       
                metadata types                
                including                     
                Lightning Web                 
                Components,                   
                Apex classes,                 
                flows, and                    
                other standard                
                Salesforce                    
                metadata.                     
                                
                How can I help                
                you with your                 
                Salesforce                    
                development                   
                work today? I                 
                can assist                    
                with tasks                    
                like:                         
                                
                - Deploying or                
                retrieving                    
                metadata                      
                - Running Apex                
                tests                         
                - Querying                    
                your org                      
                - Managing                    
                permission                    
                sets                          
                - Suggesting                  
                Salesforce CLI                
                commands                      
                - And more!                   
                                
                What would you                
                like to do?                   
                                
                user: Deploy                  
                the Lightning                 
                Web Components                
                in                            
                force-app/main                
                /default/lwc                  
                to the                        
                dreamhouse                    
                org.                          
                                
                assistant:                    
                I'll deploy                   
                the Lightning                 
                Web Components                
                from the                      
                force-app/main                
                /default/lwc                  
                directory to                  
                your                          
                dreamhouse                    
                org.                          

