┌──────────────────┬────────────┬─────┬──────────┐
│ Id               │ First Name │ Age │ Employed │
├──────────────────┼────────────┼─────┼──────────┤
│ 51786 ( https:/… │ Charlie    │ 22  │ false    │
├──────────────────┼────────────┼─────┼──────────┤
│ 49032 ( https:/… │ Bob        │ 21  │ true     │
├──────────────────┼────────────┼─────┼──────────┤
│ 36329 ( https:/… │ Alice      │ 20  │ true     │
└──────────────────┴────────────┴─────┴──────────┘

