
 Employees                 Stocks
 ┌─────┬─────┬─────┬─────┐ ┌─────┬──────┬──────┐
 │ Id  │ Na… │ Age │ De… │ │ Ti… │ Name │ Pri… │
 ├─────┼─────┼─────┼─────┤ ├─────┼──────┼──────┤
 │ 36… │ Al… │ 20  │ Lo… │ │ AA… │ App… │ 200  │
 ├─────┼─────┼─────┼─────┤ ├─────┼──────┼──────┤
 │ 49… │ Bob │ 21  │ Lo… │ │ GO… │ Alp… │ 150  │
 ├─────┼─────┼─────┼─────┤ ├─────┼──────┼──────┤
 │ 51… │ Ch… │ 22  │ Lo… │ │ MS… │ Mic… │ 400  │
 └─────┴─────┴─────┴─────┘ └─────┴──────┴──────┘

 Projects
 ┌────┬───────────┬──────────┬───────────────┐
 │ Id │   Name    │  Status  │  Description  │
 ├────┼───────────┼──────────┼───────────────┤
 │ 1  │ Project 1 │  active  │ Lorem ipsum … │
 ├────┼───────────┼──────────┼───────────────┤
 │ 2  │ Project 2 │ inactive │ Lorem ipsum … │
 ├────┼───────────┼──────────┼───────────────┤
 │ 3  │ Project 3 │  active  │ Lorem ipsum … │
 └────┴───────────┴──────────┴───────────────┘


