Multiline Table
┌───────┬──────────┬─────────────────┬───────────┐
│ model │ response │ tool            │ arguments │
├───────┼──────────┼─────────────────┼───────────┤
│       │          │                 │ defaultDe │
│ OpenA │          │                 │ vHub:     │
│ I     │          │ sf-get-username │ true      │
│ GPT35 │          │                 │ directory │
│ Turbo │          │                 │ : /worksp │
│       │          │                 │ ace       │
├───────┼──────────┼─────────────────┼───────────┤
│       │          │                 │ defaultDe │
│       │          │                 │ vHub:     │
│ OpenA │          │                 │ true      │
│ I GPT │          │                 │ directory │
│ 4Omni │          │ sf-get-username │ :         │
│ Mini  │          │                 │ /Users/us │
│       │          │                 │ ername/sa │
│       │          │                 │ lesforce- │
│       │          │                 │ projects  │
├───────┼──────────┼─────────────────┼───────────┤
│       │ I'll     │                 │           │
│       │ help you │                 │           │
│       │ find     │                 │           │
│       │ your     │                 │ directory │
│ Anthr │ default  │                 │ : /Users/ │
│ opic  │ dev hub  │                 │ antml     │
│ Claud │ username │ sf-get-username │ defaultDe │
│ e 4 S │ . Let me │                 │ vHub:     │
│ onnet │ check    │                 │ true      │
│       │ your Sal │                 │           │
│       │ esforce  │                 │           │
│       │ configur │                 │           │
│       │ ation.   │                 │           │
└───────┴──────────┴─────────────────┴───────────┘

