process.stdout.columns is 0
┌───────┬────────┬──────────┬────────────────────┐
│ Test  │ Result │ Expected │ Actual             │
├───────┼────────┼──────────┼────────────────────┤
│ Topic │ Passed │ This is  │ This is a string   │
│       │        │ a long   │ of the actual test │
│       │        │ string   │ results.           │
│       │        │ of the   │                    │
│       │        │ expected │                    │
│       │        │ test     │                    │
│       │        │ results. │                    │
└───────┴────────┴──────────┴────────────────────┘

process.stdout.columns is undefined
┌───────┬────────┬──────────┬────────────────────┐
│ Test  │ Result │ Expected │ Actual             │
├───────┼────────┼──────────┼────────────────────┤
│ Topic │ Passed │ This is  │ This is a string   │
│       │        │ a long   │ of the actual test │
│       │        │ string   │ results.           │
│       │        │ of the   │                    │
│       │        │ expected │                    │
│       │        │ test     │                    │
│       │        │ results. │                    │
└───────┴────────┴──────────┴────────────────────┘

