all
┌───────┬────────────┬─────┐
│  Id   │ First Name │ Age │
├───────┼────────────┼─────┤
│ 36329 │   Alice    │ 20  │
├───────┼────────────┼─────┤
│ 49032 │    Bob     │ 21  │
├───────┼────────────┼─────┤
│ 51786 │  Charlie   │ 22  │
└───────┴────────────┴─────┘


headers-only-with-outline
┌──────────────────────────┐
│  Id     First Name   Age │
├──────────────────────────┤
│ 36329     Alice      20  │
│ 49032      Bob       21  │
│ 51786    Charlie     22  │
└──────────────────────────┘


headers-only-with-underline
   Id     First Name   Age
 ──────────────────────────
  36329     Alice      20
  49032      Bob       21
  51786    Charlie     22


headers-only
┌──────────────────────────┐
│  Id     First Name   Age │
└──────────────────────────┘
  36329     Alice      20
  49032      Bob       21
  51786    Charlie     22


horizontal-with-outline
┌──────────────────────────┐
│  Id     First Name   Age │
├──────────────────────────┤
│ 36329     Alice      20  │
├──────────────────────────┤
│ 49032      Bob       21  │
├──────────────────────────┤
│ 51786    Charlie     22  │
└──────────────────────────┘


horizontal

   Id     First Name   Age
────────────────────────────
  36329     Alice      20
────────────────────────────
  49032      Bob       21
────────────────────────────
  51786    Charlie     22
────────────────────────────


none

   Id     First Name   Age
  36329     Alice      20
  49032      Bob       21
  51786    Charlie     22



outline
┌──────────────────────────┐
│  Id     First Name   Age │
│ 36329     Alice      20  │
│ 49032      Bob       21  │
│ 51786    Charlie     22  │
└──────────────────────────┘


vertical-with-outline
┌───────┬────────────┬─────┐
│  Id   │ First Name │ Age │
├───────┼────────────┼─────┤
│ 36329 │   Alice    │ 20  │
│ 49032 │    Bob     │ 21  │
│ 51786 │  Charlie   │ 22  │
└───────┴────────────┴─────┘


vertical-rows-with-outline
┌──────────────────────────┐
│  Id     First Name   Age │
├───────┬────────────┬─────┤
│ 36329 │   Alice    │ 20  │
│ 49032 │    Bob     │ 21  │
│ 51786 │  Charlie   │ 22  │
└───────┴────────────┴─────┘


vertical

│  Id   │ First Name │ Age │
│ 36329 │   Alice    │ 20  │
│ 49032 │    Bob     │ 21  │
│ 51786 │  Charlie   │ 22  │


Remove style with "noStyle: true"

   id     First Name   age
  36329     Alice      20
  49032      Bob       21
  51786    Charlie     22


