┌────┬───────────┬──────────────┬───────────┬────────┬────────┬─────────┬──────────┬────────────┬─────────┬────────────┐
│    │ Alias     │ Instance Url │ Namespace │ Org Id │ Status │ Type    │ Username │ Dev Hub Id │ Created │ Expires    │
├────┼───────────┼──────────────┼───────────┼────────┼────────┼─────────┼──────────┼────────────┼─────────┼────────────┤
│    │ devhub    │ https://su05 │           │ 00DB00 │ Connec │ DevHub  │ md@su-bl │            │         │            │
│    │           │ 03.my.salesf │           │ 00000I │ ted    │         │ itz.org  │            │         │            │
│    │           │ orce.com     │           │ h65MAC │        │         │          │            │         │            │
│ 🌳 │ na40devhu │ https://na40 │           │ 00D460 │ Connec │ DevHub  │ admin@in │            │         │            │
│    │ b         │ -dev-hub.my. │           │ 000019 │ ted    │         │ tegratio │            │         │            │
│    │           │ salesforce.c │           │ MkyEAE │        │         │ ntesthub │            │         │            │
│    │           │ om           │           │        │        │         │ na40.org │            │         │            │
│    │           │ https://cris │           │ 00DB00 │ Unable │ DevHub  │ cdomingu │            │         │            │
│    │           │ tianalexisdo │           │ 000006 │ to ref │         │ ez@gs0-d │            │         │            │
│    │           │ minguez-devh │           │ Mq3MAE │ resh s │         │ ev-hub-s │            │         │            │
│    │           │ ub.my.salesf │           │        │ ession │         │ alesforc │            │         │            │
│    │           │ orce.com     │           │        │ due    │         │ e.com    │            │         │            │
│    │           │              │           │        │ to:    │         │          │            │         │            │
│    │           │              │           │        │ Error  │         │          │            │         │            │
│    │           │              │           │        │ authen │         │          │            │         │            │
│    │           │              │           │        │ ticati │         │          │            │         │            │
│    │           │              │           │        │ ng     │         │          │            │         │            │
│    │           │              │           │        │ with   │         │          │            │         │            │
│    │           │              │           │        │ the re │         │          │            │         │            │
│    │           │              │           │        │ fresh  │         │          │            │         │            │
│    │           │              │           │        │ token  │         │          │            │         │            │
│    │           │              │           │        │ due    │         │          │            │         │            │
│    │           │              │           │        │ to: ex │         │          │            │         │            │
│    │           │              │           │        │ pired  │         │          │            │         │            │
│    │           │              │           │        │ access │         │          │            │         │            │
│    │           │              │           │        │ /refre │         │          │            │         │            │
│    │           │              │           │        │ sh     │         │          │            │         │            │
│    │           │              │           │        │ token  │         │          │            │         │            │
│    │           │ https://su05 │           │ 00DB00 │ Unable │ DevHub  │ shetzel@ │            │         │            │
│    │           │ 03.my.salesf │           │ 00000I │ to ref │         │ gs0.org  │            │         │            │
│    │           │ orce.com     │           │ h65MAC │ resh s │         │          │            │         │            │
│    │           │              │           │        │ ession │         │          │            │         │            │
│    │           │              │           │        │ due    │         │          │            │         │            │
│    │           │              │           │        │ to:    │         │          │            │         │            │
│    │           │              │           │        │ Error  │         │          │            │         │            │
│    │           │              │           │        │ authen │         │          │            │         │            │
│    │           │              │           │        │ ticati │         │          │            │         │            │
│    │           │              │           │        │ ng     │         │          │            │         │            │
│    │           │              │           │        │ with   │         │          │            │         │            │
│    │           │              │           │        │ the re │         │          │            │         │            │
│    │           │              │           │        │ fresh  │         │          │            │         │            │
│    │           │              │           │        │ token  │         │          │            │         │            │
│    │           │              │           │        │ due    │         │          │            │         │            │
│    │           │              │           │        │ to: ex │         │          │            │         │            │
│    │           │              │           │        │ pired  │         │          │            │         │            │
│    │           │              │           │        │ access │         │          │            │         │            │
│    │           │              │           │        │ /refre │         │          │            │         │            │
│    │           │              │           │        │ sh     │         │          │            │         │            │
│    │           │              │           │        │ token  │         │          │            │         │            │
│    │           │ https://su05 │           │ 00D3I0 │ Connec │ Sandbox │ shetzel@ │            │         │            │
│    │           │ 03--sbxgs01. │           │ 000008 │ ted    │         │ gs0.org. │            │         │            │
│    │           │ sandbox.my.s │           │ poXUAQ │        │         │ sbxgs01  │            │         │            │
│    │           │ alesforce.co │           │        │        │         │          │            │         │            │
│    │           │ m            │           │        │        │         │          │            │         │            │
│ 🍁 │ ink       │ https://noso │ myNamespa │ 00DO20 │ Active │ Scratch │ test-1yo │ 00DB000000 │ 2024-10 │ 2024-10-09 │
│    │           │ ftware-platf │ ce        │ 00004S │        │         │ melh1c0h │ 0Ih65MAC   │ -08T15: │            │
│    │           │ orm-8292-dev │           │ uOLMA0 │        │         │ a@exampl │            │ 24:21.0 │            │
│    │           │ -ed.scratch. │           │        │        │         │ e.com    │            │ 00+0000 │            │
│    │           │ my.salesforc │           │        │        │         │          │            │         │            │
│    │           │ e.com        │           │        │        │         │          │            │         │            │
└────┴───────────┴──────────────┴───────────┴────────┴────────┴─────────┴──────────┴────────────┴─────────┴────────────┘

