Fixed-Width Columns
┌────────────┬────────────┬───────────────────────────────────────────┬────────────────────────────────────────────────┐
│ Test       │ Result     │ Expected                                  │ Actual                                         │
├────────────┼────────────┼───────────────────────────────────────────┼────────────────────────────────────────────────┤
│ Topic      │ Passed     │ This is a long string of the expected     │ This is a long string of the actual test       │
│            │            │ test results. This is a long string of    │ results. This is a long string of the actual   │
│            │            │ the expected test results. This is a long │ test results. This is a long string of the     │
│            │            │ string of the expected test results. This │ actual test results. This is a long string of  │
│            │            │ is a long string of the expected test     │ the actual test results. This is a long string │
│            │            │ results. This is a long string of the     │ of the actual test results. This is a long     │
│            │            │ expected test results. This is a long     │ string of the actual test results. This is a   │
│            │            │ string of the expected test results. This │ long string of the actual test results. This   │
│            │            │ is a long string of the expected test     │ is a long string of the actual test results.   │
│            │            │ results. This is a long string of the     │ This is a long string of the actual test       │
│            │            │ expected test results. This is a long     │ results. This is a long string of the actual   │
│            │            │ string of the expected test results. This │ test results. This is a long string of the     │
│            │            │ is a long string of the expected test     │ actual test results. This is a long string of  │
│            │            │ results.                                  │ the actual test results. This is a long string │
│            │            │                                           │ of the actual test results. This is a long     │
│            │            │                                           │ string of the actual test results. This is a   │
│            │            │                                           │ long string of the actual test results. This   │
│            │            │                                           │ is a long string of the actual test results.   │
│            │            │                                           │ This is a long string of the actual test       │
│            │            │                                           │ results. This is a long string of the actual   │
│            │            │                                           │ test results. This is a long string of the     │
│            │            │                                           │ actual test results. This is a long string of  │
│            │            │                                           │ the actual test results. This is a long string │
│            │            │                                           │ of the actual test results. This is a long     │
│            │            │                                           │ string of the actual test results. This is a   │
│            │            │                                           │ long string of the actual test results. This   │
│            │            │                                           │ is a long string of the actual test results.   │
│            │            │                                           │ This is a long string of the actual test       │
│            │            │                                           │ results. This is a long string of the actual   │
│            │            │                                           │ test results. This is a long string of the     │
│            │            │                                           │ actual test results. This is a long string of  │
│            │            │                                           │ the actual test results. This is a long string │
│            │            │                                           │ of the actual test results. This is a long     │
│            │            │                                           │ string of the actual test results. This is a   │
│            │            │                                           │ long string of the actual test results. This   │
│            │            │                                           │ is a long string of the actual test results.   │
│            │            │                                           │ This is a long string of the actual test       │
│            │            │                                           │ results. This is a long string of the actual   │
│            │            │                                           │ test results. This is a long string of the     │
│            │            │                                           │ actual test results. This is a long string of  │
│            │            │                                           │ the actual test results. This is a long string │
│            │            │                                           │ of the actual test results. This is a long     │
│            │            │                                           │ string of the actual test results. This is a   │
│            │            │                                           │ long string of the actual test results. This   │
│            │            │                                           │ is a long string of the actual test results.   │
│            │            │                                           │ This is a long string of the actual test       │
│            │            │                                           │ results. This is a long string of the actual   │
│            │            │                                           │ test results. This is a long string of the     │
│            │            │                                           │ actual test results. This is a long string of  │
│            │            │                                           │ the actual test results. This is a long string │
│            │            │                                           │ of the actual test results. This is a long     │
│            │            │                                           │ string of the actual test results. This is a   │
│            │            │                                           │ long string of the actual test results. This   │
│            │            │                                           │ is a long string of the actual test results.   │
│            │            │                                           │ This is a long string of the actual test       │
│            │            │                                           │ results. This is a long string of the actual   │
│            │            │                                           │ test results.                                  │
└────────────┴────────────┴───────────────────────────────────────────┴────────────────────────────────────────────────┘

