
 Employees                                                Stocks                                                   Projects
 ┌───────┬─────────┬─────┬──────────────────────────────┐ ┌────────┬───────────┬───────┐                           ┌────┬───────────┬──────────┬─────────────────────────────────────────────────────────────────────────────────────┐
 │  Id   │  Name   │ Age │         Description          │ │ Ticker │   Name    │ Price │                           │ Id │   Name    │  Status  │                                     Description                                     │
 ├───────┼─────────┼─────┼──────────────────────────────┤ ├────────┼───────────┼───────┤                           ├────┼───────────┼──────────┼─────────────────────────────────────────────────────────────────────────────────────┤
 │ 36329 │  Alice  │ 20  │ Lorem ipsum dolor sit amet,… │ │  AAPL  │   Apple   │  200  │                           │ 1  │ Project 1 │  active  │ Lorem ipsum dolor sit amet, consectetur adipiscing elit. Sed do eiusmod tempor inc… │
 ├───────┼─────────┼─────┼──────────────────────────────┤ ├────────┼───────────┼───────┤                           ├────┼───────────┼──────────┼─────────────────────────────────────────────────────────────────────────────────────┤
 │ 49032 │   Bob   │ 21  │ Lorem ipsum dolor sit amet,… │ │ GOOGL  │ Alphabet  │  150  │                           │ 2  │ Project 2 │ inactive │ Lorem ipsum dolor sit amet, consectetur adipiscing elit. Sed do eiusmod tempor inc… │
 ├───────┼─────────┼─────┼──────────────────────────────┤ ├────────┼───────────┼───────┤                           ├────┼───────────┼──────────┼─────────────────────────────────────────────────────────────────────────────────────┤
 │ 51786 │ Charlie │ 22  │ Lorem ipsum dolor sit amet,… │ │  MSFT  │ Microsoft │  400  │                           │ 3  │ Project 3 │  active  │ Lorem ipsum dolor sit amet, consectetur adipiscing elit. Sed do eiusmod tempor inc… │
 └───────┴─────────┴─────┴──────────────────────────────┘ └────────┴───────────┴───────┘                           └────┴───────────┴──────────┴─────────────────────────────────────────────────────────────────────────────────────┘


