Truncate (end)
┌───────┬─────────┬─────┬──────────────────────────────────────────────────────────────────────────────────────────────┐
│  Id   │  Name   │ Age │                                         Description                                          │
├───────┼─────────┼─────┼──────────────────────────────────────────────────────────────────────────────────────────────┤
│ 36329 │  Alice  │ 20  │ Lorem ipsum dolor sit amet, consectetur adipiscing elit. Sed do eiusmod tempor incididunt u… │
├───────┼─────────┼─────┼──────────────────────────────────────────────────────────────────────────────────────────────┤
│ 49032 │   Bob   │ 21  │ Lorem ipsum dolor sit amet, consectetur adipiscing elit. Sed do eiusmod tempor incididunt u… │
├───────┼─────────┼─────┼──────────────────────────────────────────────────────────────────────────────────────────────┤
│ 51786 │ Charlie │ 22  │ Lorem ipsum dolor sit amet, consectetur adipiscing elit. Sed do eiusmod tempor incididunt u… │
└───────┴─────────┴─────┴──────────────────────────────────────────────────────────────────────────────────────────────┘

Truncate (start)
┌───────┬─────────┬─────┬──────────────────────────────────────────────────────────────────────────────────────────────┐
│  Id   │  Name   │ Age │                                         Description                                          │
├───────┼─────────┼─────┼──────────────────────────────────────────────────────────────────────────────────────────────┤
│ 36329 │  Alice  │ 20  │ …ectetur adipiscing elit. Sed do eiusmod tempor incididunt ut labore et dolore magna aliqua. │
├───────┼─────────┼─────┼──────────────────────────────────────────────────────────────────────────────────────────────┤
│ 49032 │   Bob   │ 21  │ …ectetur adipiscing elit. Sed do eiusmod tempor incididunt ut labore et dolore magna aliqua. │
├───────┼─────────┼─────┼──────────────────────────────────────────────────────────────────────────────────────────────┤
│ 51786 │ Charlie │ 22  │ …ectetur adipiscing elit. Sed do eiusmod tempor incididunt ut labore et dolore magna aliqua. │
└───────┴─────────┴─────┴──────────────────────────────────────────────────────────────────────────────────────────────┘

Truncate (middle)
┌───────┬─────────┬─────┬──────────────────────────────────────────────────────────────────────────────────────────────┐
│  Id   │  Name   │ Age │                                         Description                                          │
├───────┼─────────┼─────┼──────────────────────────────────────────────────────────────────────────────────────────────┤
│ 36329 │  Alice  │ 20  │ Lorem ipsum dolor sit amet, consectetur adipis… incididunt ut labore et dolore magna aliqua. │
├───────┼─────────┼─────┼──────────────────────────────────────────────────────────────────────────────────────────────┤
│ 49032 │   Bob   │ 21  │ Lorem ipsum dolor sit amet, consectetur adipis… incididunt ut labore et dolore magna aliqua. │
├───────┼─────────┼─────┼──────────────────────────────────────────────────────────────────────────────────────────────┤
│ 51786 │ Charlie │ 22  │ Lorem ipsum dolor sit amet, consectetur adipis… incididunt ut labore et dolore magna aliqua. │
└───────┴─────────┴─────┴──────────────────────────────────────────────────────────────────────────────────────────────┘

Wrap (aligned center)
┌───────┬─────────┬─────┬──────────────────────────────────────────────────────────────────────────────────────────────┐
│  Id   │  Name   │ Age │                                         Description                                          │
├───────┼─────────┼─────┼──────────────────────────────────────────────────────────────────────────────────────────────┤
│ 36329 │  Alice  │ 20  │ Lorem ipsum dolor sit amet, consectetur adipiscing elit. Sed do eiusmod tempor incididunt ut │
│       │         │     │  labore et dolore magna aliqua.Lorem ipsum dolor sit amet, consectetur adipiscing elit. Sed  │
│       │         │     │  do eiusmod tempor incididunt ut labore et dolore magna aliqua.Lorem ipsum dolor sit amet,   │
│       │         │     │   consectetur adipiscing elit. Sed do eiusmod tempor incididunt ut labore et dolore magna    │
│       │         │     │    aliqua.Lorem ipsum dolor sit amet, consectetur adipiscing elit. Sed do eiusmod tempor     │
│       │         │     │     incididunt ut labore et dolore magna aliqua.Lorem ipsum dolor sit amet, consectetur      │
│       │         │     │     adipiscing elit. Sed do eiusmod tempor incididunt ut labore et dolore magna aliqua.      │
├───────┼─────────┼─────┼──────────────────────────────────────────────────────────────────────────────────────────────┤
│ 49032 │   Bob   │ 21  │ Lorem ipsum dolor sit amet, consectetur adipiscing elit. Sed do eiusmod tempor incididunt ut │
│       │         │     │  labore et dolore magna aliqua.Lorem ipsum dolor sit amet, consectetur adipiscing elit. Sed  │
│       │         │     │  do eiusmod tempor incididunt ut labore et dolore magna aliqua.Lorem ipsum dolor sit amet,   │
│       │         │     │   consectetur adipiscing elit. Sed do eiusmod tempor incididunt ut labore et dolore magna    │
│       │         │     │    aliqua.Lorem ipsum dolor sit amet, consectetur adipiscing elit. Sed do eiusmod tempor     │
│       │         │     │     incididunt ut labore et dolore magna aliqua.Lorem ipsum dolor sit amet, consectetur      │
│       │         │     │     adipiscing elit. Sed do eiusmod tempor incididunt ut labore et dolore magna aliqua.      │
├───────┼─────────┼─────┼──────────────────────────────────────────────────────────────────────────────────────────────┤
│ 51786 │ Charlie │ 22  │ Lorem ipsum dolor sit amet, consectetur adipiscing elit. Sed do eiusmod tempor incididunt ut │
│       │         │     │  labore et dolore magna aliqua.Lorem ipsum dolor sit amet, consectetur adipiscing elit. Sed  │
│       │         │     │  do eiusmod tempor incididunt ut labore et dolore magna aliqua.Lorem ipsum dolor sit amet,   │
│       │         │     │   consectetur adipiscing elit. Sed do eiusmod tempor incididunt ut labore et dolore magna    │
│       │         │     │    aliqua.Lorem ipsum dolor sit amet, consectetur adipiscing elit. Sed do eiusmod tempor     │
│       │         │     │     incididunt ut labore et dolore magna aliqua.Lorem ipsum dolor sit amet, consectetur      │
│       │         │     │     adipiscing elit. Sed do eiusmod tempor incididunt ut labore et dolore magna aliqua.      │
└───────┴─────────┴─────┴──────────────────────────────────────────────────────────────────────────────────────────────┘

Wrap (aligned left)
┌───────┬─────────┬─────┬──────────────────────────────────────────────────────────────────────────────────────────────┐
│ Id    │ Name    │ Age │ Description                                                                                  │
├───────┼─────────┼─────┼──────────────────────────────────────────────────────────────────────────────────────────────┤
│       │         │     │ Lorem ipsum dolor sit amet, consectetur adipiscing elit. Sed do eiusmod tempor incididunt ut │
│       │         │     │ labore et dolore magna aliqua.Lorem ipsum dolor sit amet, consectetur adipiscing elit. Sed   │
│       │         │     │ do eiusmod tempor incididunt ut labore et dolore magna aliqua.Lorem ipsum dolor sit amet,    │
│ 36329 │ Alice   │ 20  │ consectetur adipiscing elit. Sed do eiusmod tempor incididunt ut labore et dolore magna      │
│       │         │     │ aliqua.Lorem ipsum dolor sit amet, consectetur adipiscing elit. Sed do eiusmod tempor        │
│       │         │     │ incididunt ut labore et dolore magna aliqua.Lorem ipsum dolor sit amet, consectetur          │
│       │         │     │ adipiscing elit. Sed do eiusmod tempor incididunt ut labore et dolore magna aliqua.          │
├───────┼─────────┼─────┼──────────────────────────────────────────────────────────────────────────────────────────────┤
│       │         │     │ Lorem ipsum dolor sit amet, consectetur adipiscing elit. Sed do eiusmod tempor incididunt ut │
│       │         │     │ labore et dolore magna aliqua.Lorem ipsum dolor sit amet, consectetur adipiscing elit. Sed   │
│       │         │     │ do eiusmod tempor incididunt ut labore et dolore magna aliqua.Lorem ipsum dolor sit amet,    │
│ 49032 │ Bob     │ 21  │ consectetur adipiscing elit. Sed do eiusmod tempor incididunt ut labore et dolore magna      │
│       │         │     │ aliqua.Lorem ipsum dolor sit amet, consectetur adipiscing elit. Sed do eiusmod tempor        │
│       │         │     │ incididunt ut labore et dolore magna aliqua.Lorem ipsum dolor sit amet, consectetur          │
│       │         │     │ adipiscing elit. Sed do eiusmod tempor incididunt ut labore et dolore magna aliqua.          │
├───────┼─────────┼─────┼──────────────────────────────────────────────────────────────────────────────────────────────┤
│       │         │     │ Lorem ipsum dolor sit amet, consectetur adipiscing elit. Sed do eiusmod tempor incididunt ut │
│       │         │     │ labore et dolore magna aliqua.Lorem ipsum dolor sit amet, consectetur adipiscing elit. Sed   │
│       │         │     │ do eiusmod tempor incididunt ut labore et dolore magna aliqua.Lorem ipsum dolor sit amet,    │
│ 51786 │ Charlie │ 22  │ consectetur adipiscing elit. Sed do eiusmod tempor incididunt ut labore et dolore magna      │
│       │         │     │ aliqua.Lorem ipsum dolor sit amet, consectetur adipiscing elit. Sed do eiusmod tempor        │
│       │         │     │ incididunt ut labore et dolore magna aliqua.Lorem ipsum dolor sit amet, consectetur          │
│       │         │     │ adipiscing elit. Sed do eiusmod tempor incididunt ut labore et dolore magna aliqua.          │
└───────┴─────────┴─────┴──────────────────────────────────────────────────────────────────────────────────────────────┘

Wrap (aligned right)
┌───────┬─────────┬─────┬──────────────────────────────────────────────────────────────────────────────────────────────┐
│    Id │    Name │ Age │                                                                                  Description │
├───────┼─────────┼─────┼──────────────────────────────────────────────────────────────────────────────────────────────┤
│       │         │     │ Lorem ipsum dolor sit amet, consectetur adipiscing elit. Sed do eiusmod tempor incididunt ut │
│       │         │     │   labore et dolore magna aliqua.Lorem ipsum dolor sit amet, consectetur adipiscing elit. Sed │
│       │         │     │    do eiusmod tempor incididunt ut labore et dolore magna aliqua.Lorem ipsum dolor sit amet, │
│       │         │     │      consectetur adipiscing elit. Sed do eiusmod tempor incididunt ut labore et dolore magna │
│       │         │     │        aliqua.Lorem ipsum dolor sit amet, consectetur adipiscing elit. Sed do eiusmod tempor │
│       │         │     │          incididunt ut labore et dolore magna aliqua.Lorem ipsum dolor sit amet, consectetur │
│ 36329 │   Alice │  20 │          adipiscing elit. Sed do eiusmod tempor incididunt ut labore et dolore magna aliqua. │
├───────┼─────────┼─────┼──────────────────────────────────────────────────────────────────────────────────────────────┤
│       │         │     │ Lorem ipsum dolor sit amet, consectetur adipiscing elit. Sed do eiusmod tempor incididunt ut │
│       │         │     │   labore et dolore magna aliqua.Lorem ipsum dolor sit amet, consectetur adipiscing elit. Sed │
│       │         │     │    do eiusmod tempor incididunt ut labore et dolore magna aliqua.Lorem ipsum dolor sit amet, │
│       │         │     │      consectetur adipiscing elit. Sed do eiusmod tempor incididunt ut labore et dolore magna │
│       │         │     │        aliqua.Lorem ipsum dolor sit amet, consectetur adipiscing elit. Sed do eiusmod tempor │
│       │         │     │          incididunt ut labore et dolore magna aliqua.Lorem ipsum dolor sit amet, consectetur │
│ 49032 │     Bob │  21 │          adipiscing elit. Sed do eiusmod tempor incididunt ut labore et dolore magna aliqua. │
├───────┼─────────┼─────┼──────────────────────────────────────────────────────────────────────────────────────────────┤
│       │         │     │ Lorem ipsum dolor sit amet, consectetur adipiscing elit. Sed do eiusmod tempor incididunt ut │
│       │         │     │   labore et dolore magna aliqua.Lorem ipsum dolor sit amet, consectetur adipiscing elit. Sed │
│       │         │     │    do eiusmod tempor incididunt ut labore et dolore magna aliqua.Lorem ipsum dolor sit amet, │
│       │         │     │      consectetur adipiscing elit. Sed do eiusmod tempor incididunt ut labore et dolore magna │
│       │         │     │        aliqua.Lorem ipsum dolor sit amet, consectetur adipiscing elit. Sed do eiusmod tempor │
│       │         │     │          incididunt ut labore et dolore magna aliqua.Lorem ipsum dolor sit amet, consectetur │
│ 51786 │ Charlie │  22 │          adipiscing elit. Sed do eiusmod tempor incididunt ut labore et dolore magna aliqua. │
└───────┴─────────┴─────┴──────────────────────────────────────────────────────────────────────────────────────────────┘

