┌─────────┬────────────────────┬──────────┬──────┐
│ State   │ Full Name          │ Type     │ Path │
├─────────┼────────────────────┼──────────┼──────┤
│         │                    │          │ forc │
│         │                    │          │ e-ap │
│         │                    │          │ p/ma │
│         │                    │          │ in/d │
│         │                    │          │ efau │
│ Changed │ FileUtilities      │ ApexCla… │ lt/c │
│         │                    │          │ lass │
│         │                    │          │ es/F │
│         │                    │          │ ileU │
│         │                    │          │ tili │
│         │                    │          │ ties │
│         │                    │          │ .cls │
│         │                    │          │ forc │
│         │                    │          │ e-ap │
│         │                    │          │ p/ma │
│         │                    │          │ in/d │
│         │                    │          │ efau │
│         │                    │          │ lt/c │
│         │                    │          │ lass │
│ Changed │ FileUtilities      │ ApexCla… │ es/F │
│         │                    │          │ ileU │
│         │                    │          │ tili │
│         │                    │          │ ties │
│         │                    │          │ .cls │
│         │                    │          │ -met │
│         │                    │          │ a.xm │
│         │                    │          │ l    │
│         │                    │          │ forc │
│         │                    │          │ e-ap │
│         │                    │          │ p/ma │
│         │                    │          │ in/d │
│         │                    │          │ efau │
│         │                    │          │ lt/a │
│         │                    │          │ ura/ │
│         │                    │          │ page │
│ Changed │ pageTemplate_2_7_3 │ AuraDef… │ Temp │
│         │                    │          │ late │
│         │                    │          │ _2_7 │
│         │                    │          │ _3/p │
│         │                    │          │ ageT │
│         │                    │          │ empl │
│         │                    │          │ ate_ │
│         │                    │          │ 2_7_ │
│         │                    │          │ 3.cm │
│         │                    │          │ p    │
│         │                    │          │ forc │
│         │                    │          │ e-ap │
│         │                    │          │ p/ma │
│         │                    │          │ in/d │
│         │                    │          │ efau │
│         │                    │          │ lt/a │
│         │                    │          │ ura/ │
│         │                    │          │ page │
│         │                    │          │ Temp │
│ Changed │ pageTemplate_2_7_3 │ AuraDef… │ late │
│         │                    │          │ _2_7 │
│         │                    │          │ _3/p │
│         │                    │          │ ageT │
│         │                    │          │ empl │
│         │                    │          │ ate_ │
│         │                    │          │ 2_7_ │
│         │                    │          │ 3.cm │
│         │                    │          │ p-me │
│         │                    │          │ ta.x │
│         │                    │          │ ml   │
│         │                    │          │ forc │
│         │                    │          │ e-ap │
│         │                    │          │ p/ma │
│         │                    │          │ in/d │
│         │                    │          │ efau │
│         │                    │          │ lt/a │
│         │                    │          │ ura/ │
│         │                    │          │ page │
│ Changed │ pageTemplate_2_7_3 │ AuraDef… │ Temp │
│         │                    │          │ late │
│         │                    │          │ _2_7 │
│         │                    │          │ _3/p │
│         │                    │          │ ageT │
│         │                    │          │ empl │
│         │                    │          │ ate_ │
│         │                    │          │ 2_7_ │
│         │                    │          │ 3.de │
│         │                    │          │ sign │
│         │                    │          │ forc │
│         │                    │          │ e-ap │
│         │                    │          │ p/ma │
│         │                    │          │ in/d │
│         │                    │          │ efau │
│         │                    │          │ lt/a │
│         │                    │          │ ura/ │
│         │                    │          │ page │
│ Changed │ pageTemplate_2_7_3 │ AuraDef… │ Temp │
│         │                    │          │ late │
│         │                    │          │ _2_7 │
│         │                    │          │ _3/p │
│         │                    │          │ ageT │
│         │                    │          │ empl │
│         │                    │          │ ate_ │
│         │                    │          │ 2_7_ │
│         │                    │          │ 3.sv │
│         │                    │          │ g    │
└─────────┴────────────────────┴──────────┴──────┘

