┌─────┬─────┬─────┬─────┬─────┬─────┬─────┬─────┬─────┬─────┬─────┐
│     │ Ali │ Ins │ Nam │ Org │ Sta │ Typ │ Use │ Dev│ Cre│ Exp│
│     │ as  │ tan │ esp │ Id  │ tus │ e   │ rna │ Hub│ ate│ ire│
│     │     │ ce  │ ace │     │     │     │ me  │ Id  │ d   │ s   │
│     │     │ Url │     │     │     │     │     │ │││
├─────┼─────┼─────┼─────┼─────┼─────┼─────┼─────┼─────┼─────┼─────┤
│     │ dev │ htt │     │ 00D │ Con │ Dev │ md@ │     │     │     │
│     │ hub │ ps: │     │ B00 │ nec │ Hub │ su- │ │││
│     │     │ //s │     │ 000 │ ted │     │ bli │ │││
│     │     │ u05 │     │ 00I │     │     │ tz. │ │││
│     │     │ 03. │     │ h65 │     │     │ org │ │││
│     │     │ my. │     │ MAC │     │     │     │ │││
│     │     │ sal │     │     │     │     │     │ │││
│     │     │ esf │     │     │     │     │     │ │││
│     │     │ orc │     │     │     │     │     │ │││
│     │     │ e.c │     │     │     │     │     │ │││
│     │     │ om  │     │     │     │     │     │ │││
│ 🌳  │ na4 │ htt │     │ 00D │ Con │ Dev │ adm │     │     │     │
│     │ 0de │ ps: │     │ 460 │ nec │ Hub │ in@ │ │││
│     │ vhu │ //n │     │ 000 │ ted │     │ int │ │││
│     │ b   │ a40 │     │ 019 │     │     │ egr │ │││
│     │     │ -de │     │ Mky │     │     │ ati │ │││
│     │     │ v-h │     │ EAE │     │     │ ont │ │││
│     │     │ ub. │     │     │     │     │ est │ │││
│     │     │ my. │     │     │     │     │ hub │ │││
│     │     │ sal │     │     │     │     │ na4 │ │││
│     │     │ esf │     │     │     │     │ 0.o │ │││
│     │     │ orc │     │     │     │     │ rg  │ │││
│     │     │ e.c │     │     │     │     │     │ │││
│     │     │ om  │     │     │     │     │     │ │││
│     │     │ htt │     │ 00D │ Una │ Dev │ cdo │     │     │     │
│     │     │ ps: │     │ B00 │ ble │ Hub │ min │ │││
│     │     │ //c │     │ 000 │ to  │     │ gue │ │││
│     │     │ ris │     │ 006 │ ref │     │ z@g │ │││
│     │     │ tia │     │ Mq3 │ res │     │ s0- │ │││
│     │     │ nal │     │ MAE │ h s │     │ dev │ │││
│     │     │ exi │     │     │ ess │     │ -hu │ │││
│     │     │ sdo │     │     │ ion │     │ b-s │ │││
│     │     │ min │     │     │ due │     │ ale │ │││
│     │     │ gue │     │     │ to: │     │ sfo │ │││
│     │     │ z-d │     │     │ Err │     │ rce │ │││
│     │     │ evh │     │     │ or  │     │ .co │ │││
│     │     │ ub. │     │     │ aut │     │ m   │ │││
│     │     │ my. │     │     │ hen │     │     │ │││
│     │     │ sal │     │     │ tic │     │     │ │││
│     │     │ esf │     │     │ ati │     │     │ │││
│     │     │ orc │     │     │ ng  │     │     │ │││
│     │     │ e.c │     │     │ wit │     │     │ │││
│     │     │ om  │     │     │ h   │     │     │ │││
│     │     │     │     │     │ the │     │     │ │││
│     │     │     │     │     │ ref │     │     │ │││
│     │     │     │     │     │ res │     │     │ │││
│     │     │     │     │     │ h   │     │     │ │││
│     │     │     │     │     │ tok │     │     │ │││
│     │     │     │     │     │ en  │     │     │ │││
│     │     │     │     │     │ due │     │     │ │││
│     │     │     │     │     │ to: │     │     │ │││
│     │     │     │     │     │ exp │     │     │ │││
│     │     │     │     │     │ ire │     │     │ │││
│     │     │     │     │     │ d   │     │     │ │││
│     │     │     │     │     │ acc │     │     │ │││
│     │     │     │     │     │ ess │     │     │ │││
│     │     │     │     │     │ /re │     │     │ │││
│     │     │     │     │     │ fre │     │     │ │││
│     │     │     │     │     │ sh  │     │     │ │││
│     │     │     │     │     │ tok │     │     │ │││
│     │     │     │     │     │ en  │     │     │ │││
│     │     │ htt │     │ 00D │ Una │ Dev │ she │     │     │     │
│     │     │ ps: │     │ B00 │ ble │ Hub │ tze │ │││
│     │     │ //s │     │ 000 │ to  │     │ l@g │ │││
│     │     │ u05 │     │ 00I │ ref │     │ s0. │ │││
│     │     │ 03. │     │ h65 │ res │     │ org │ │││
│     │     │ my. │     │ MAC │ h s │     │     │ │││
│     │     │ sal │     │     │ ess │     │     │ │││
│     │     │ esf │     │     │ ion │     │     │ │││
│     │     │ orc │     │     │ due │     │     │ │││
│     │     │ e.c │     │     │ to: │     │     │ │││
│     │     │ om  │     │     │ Err │     │     │ │││
│     │     │     │     │     │ or  │     │     │ │││
│     │     │     │     │     │ aut │     │     │ │││
│     │     │     │     │     │ hen │     │     │ │││
│     │     │     │     │     │ tic │     │     │ │││
│     │     │     │     │     │ ati │     │     │ │││
│     │     │     │     │     │ ng  │     │     │ │││
│     │     │     │     │     │ wit │     │     │ │││
│     │     │     │     │     │ h   │     │     │ │││
│     │     │     │     │     │ the │     │     │ │││
│     │     │     │     │     │ ref │     │     │ │││
│     │     │     │     │     │ res │     │     │ │││
│     │     │     │     │     │ h   │     │     │ │││
│     │     │     │     │     │ tok │     │     │ │││
│     │     │     │     │     │ en  │     │     │ │││
│     │     │     │     │     │ due │     │     │ │││
│     │     │     │     │     │ to: │     │     │ │││
│     │     │     │     │     │ exp │     │     │ │││
│     │     │     │     │     │ ire │     │     │ │││
│     │     │     │     │     │ d   │     │     │ │││
│     │     │     │     │     │ acc │     │     │ │││
│     │     │     │     │     │ ess │     │     │ │││
│     │     │     │     │     │ /re │     │     │ │││
│     │     │     │     │     │ fre │     │     │ │││
│     │     │     │     │     │ sh  │     │     │ │││
│     │     │     │     │     │ tok │     │     │ │││
│     │     │     │     │     │ en  │     │     │ │││
│     │     │ htt │     │ 00D │ Con │ San │ she │     │     │     │
│     │     │ ps: │     │ 3I0 │ nec │ dbo │ tze │ │││
│     │     │ //s │     │ 000 │ ted │ x   │ l@g │ │││
│     │     │ u05 │     │ 008 │     │     │ s0. │ │││
│     │     │ 03- │     │ poX │     │     │ org │ │││
│     │     │ -sb │     │ UAQ │     │     │ .sb │ │││
│     │     │ xgs │     │     │     │     │ xgs │ │││
│     │     │ 01. │     │     │     │     │ 01  │ │││
│     │     │ san │     │     │     │     │     │ │││
│     │     │ dbo │     │     │     │     │     │ │││
│     │     │ x.m │     │     │     │     │     │ │││
│     │     │ y.s │     │     │     │     │     │ │││
│     │     │ ale │     │     │     │     │     │ │││
│     │     │ sfo │     │     │     │     │     │ │││
│     │     │ rce │     │     │     │     │     │ │││
│     │     │ .co │     │     │     │     │     │ │││
│     │     │ m   │     │     │     │     │     │ │││
│ 🍁  │ ink │ htt │ myN │ 00D │ Act │ Scr │ tes │ 00D│ 202│ 202│
│     │     │ ps: │ ame │ O20 │ ive │ atc │ t-1 │ B00│ 4-1│ 4-1│
│     │     │ //n │ spa │ 000 │     │ h   │ yom │ 000│ 0-0│ 0-0│
│     │     │ oso │ ce  │ 04S │     │     │ elh │ 00I│ 8T1│ 9   │
│     │     │ ftw │     │ uOL │     │     │ 1c0 │ h65│ 5:2││
│     │     │ are │     │ MA0 │     │     │ ha@ │ MAC │ 4:2││
│     │     │ -pl │     │     │     │     │ exa │ │ 1.0││
│     │     │ atf │     │     │     │     │ mpl │ │ 00+││
│     │     │ orm │     │     │     │     │ e.c │ │ 000││
│     │     │ -82 │     │     │     │     │ om  │ │ 0   ││
│     │     │ 92- │     │     │     │     │     │ │││
│     │     │ dev │     │     │     │     │     │ │││
│     │     │ -ed │     │     │     │     │     │ │││
│     │     │ .sc │     │     │     │     │     │ │││
│     │     │ rat │     │     │     │     │     │ │││
│     │     │ ch. │     │     │     │     │     │ │││
│     │     │ my. │     │     │     │     │     │ │││
│     │     │ sal │     │     │     │     │     │ │││
│     │     │ esf │     │     │     │     │     │ │││
│     │     │ orc │     │     │     │     │     │ │││
│     │     │ e.c │     │     │     │     │     │ │││
│     │     │ om  │     │     │     │     │     │ │││
└─────┴─────┴─────┴─────┴─────┴─────┴─────┴─────┴─────┴─────┴─────┘

