┌──┬───────┬─────┬─────┬────────┬────────┬──────┬─────┬─────┬────────┬─────────┐
│  │ Alias │ Ins │ Nam │ Org Id │ Status │ Type │ Use │ Dev │ Create │ Expires │
│  │       │ tan │ esp │        │        │      │ rna │ Hub │ d      │         │
│  │       │ ce  │ ace │        │        │      │ me  │ Id  │        │         │
│  │       │ Url │     │        │        │      │     │     │        │         │
├──┼───────┼─────┼─────┼────────┼────────┼──────┼─────┼─────┼────────┼─────────┤
│  │ devhu │ htt │     │ 00DB00 │ Connec │ DevH │ md@ │     │        │         │
│  │ b     │ ps: │     │ 00000I │ ted    │ ub   │ su- │     │        │         │
│  │       │ //s │     │ h65MAC │        │      │ bli │     │        │         │
│  │       │ u05 │     │        │        │      │ tz. │     │        │         │
│  │       │ 03. │     │        │        │      │ org │     │        │         │
│  │       │ my. │     │        │        │      │     │     │        │         │
│  │       │ sal │     │        │        │      │     │     │        │         │
│  │       │ esf │     │        │        │      │     │     │        │         │
│  │       │ orc │     │        │        │      │     │     │        │         │
│  │       │ e.c │     │        │        │      │     │     │        │         │
│  │       │ om  │     │        │        │      │     │     │        │         │
│🌳│ na40d │ htt │     │ 00D460 │ Connec │ DevH │ adm │     │        │         │
│  │ evhub │ ps: │     │ 000019 │ ted    │ ub   │ in@ │     │        │         │
│  │       │ //n │     │ MkyEAE │        │      │ int │     │        │         │
│  │       │ a40 │     │        │        │      │ egr │     │        │         │
│  │       │ -de │     │        │        │      │ ati │     │        │         │
│  │       │ v-h │     │        │        │      │ ont │     │        │         │
│  │       │ ub. │     │        │        │      │ est │     │        │         │
│  │       │ my. │     │        │        │      │ hub │     │        │         │
│  │       │ sal │     │        │        │      │ na4 │     │        │         │
│  │       │ esf │     │        │        │      │ 0.o │     │        │         │
│  │       │ orc │     │        │        │      │ rg  │     │        │         │
│  │       │ e.c │     │        │        │      │     │     │        │         │
│  │       │ om  │     │        │        │      │     │     │        │         │
│  │       │ htt │     │ 00DB00 │ Unable │ DevH │ cdo │     │        │         │
│  │       │ ps: │     │ 000006 │ to ref │ ub   │ min │     │        │         │
│  │       │ //c │     │ Mq3MAE │ resh s │      │ gue │     │        │         │
│  │       │ ris │     │        │ ession │      │ z@g │     │        │         │
│  │       │ tia │     │        │ due    │      │ s0- │     │        │         │
│  │       │ nal │     │        │ to:    │      │ dev │     │        │         │
│  │       │ exi │     │        │ Error  │      │ -hu │     │        │         │
│  │       │ sdo │     │        │ authen │      │ b-s │     │        │         │
│  │       │ min │     │        │ ticati │      │ ale │     │        │         │
│  │       │ gue │     │        │ ng     │      │ sfo │     │        │         │
│  │       │ z-d │     │        │ with   │      │ rce │     │        │         │
│  │       │ evh │     │        │ the re │      │ .co │     │        │         │
│  │       │ ub. │     │        │ fresh  │      │ m   │     │        │         │
│  │       │ my. │     │        │ token  │      │     │     │        │         │
│  │       │ sal │     │        │ due    │      │     │     │        │         │
│  │       │ esf │     │        │ to: ex │      │     │     │        │         │
│  │       │ orc │     │        │ pired  │      │     │     │        │         │
│  │       │ e.c │     │        │ access │      │     │     │        │         │
│  │       │ om  │     │        │ /refre │      │     │     │        │         │
│  │       │     │     │        │ sh     │      │     │     │        │         │
│  │       │     │     │        │ token  │      │     │     │        │         │
│  │       │ htt │     │ 00DB00 │ Unable │ DevH │ she │     │        │         │
│  │       │ ps: │     │ 00000I │ to ref │ ub   │ tze │     │        │         │
│  │       │ //s │     │ h65MAC │ resh s │      │ l@g │     │        │         │
│  │       │ u05 │     │        │ ession │      │ s0. │     │        │         │
│  │       │ 03. │     │        │ due    │      │ org │     │        │         │
│  │       │ my. │     │        │ to:    │      │     │     │        │         │
│  │       │ sal │     │        │ Error  │      │     │     │        │         │
│  │       │ esf │     │        │ authen │      │     │     │        │         │
│  │       │ orc │     │        │ ticati │      │     │     │        │         │
│  │       │ e.c │     │        │ ng     │      │     │     │        │         │
│  │       │ om  │     │        │ with   │      │     │     │        │         │
│  │       │     │     │        │ the re │      │     │     │        │         │
│  │       │     │     │        │ fresh  │      │     │     │        │         │
│  │       │     │     │        │ token  │      │     │     │        │         │
│  │       │     │     │        │ due    │      │     │     │        │         │
│  │       │     │     │        │ to: ex │      │     │     │        │         │
│  │       │     │     │        │ pired  │      │     │     │        │         │
│  │       │     │     │        │ access │      │     │     │        │         │
│  │       │     │     │        │ /refre │      │     │     │        │         │
│  │       │     │     │        │ sh     │      │     │     │        │         │
│  │       │     │     │        │ token  │      │     │     │        │         │
│  │       │ htt │     │ 00D3I0 │ Connec │ Sand │ she │     │        │         │
│  │       │ ps: │     │ 000008 │ ted    │ box  │ tze │     │        │         │
│  │       │ //s │     │ poXUAQ │        │      │ l@g │     │        │         │
│  │       │ u05 │     │        │        │      │ s0. │     │        │         │
│  │       │ 03- │     │        │        │      │ org │     │        │         │
│  │       │ -sb │     │        │        │      │ .sb │     │        │         │
│  │       │ xgs │     │        │        │      │ xgs │     │        │         │
│  │       │ 01. │     │        │        │      │ 01  │     │        │         │
│  │       │ san │     │        │        │      │     │     │        │         │
│  │       │ dbo │     │        │        │      │     │     │        │         │
│  │       │ x.m │     │        │        │      │     │     │        │         │
│  │       │ y.s │     │        │        │      │     │     │        │         │
│  │       │ ale │     │        │        │      │     │     │        │         │
│  │       │ sfo │     │        │        │      │     │     │        │         │
│  │       │ rce │     │        │        │      │     │     │        │         │
│  │       │ .co │     │        │        │      │     │     │        │         │
│  │       │ m   │     │        │        │      │     │     │        │         │
│🍁│ ink   │ htt │ myN │ 00DO20 │ Active │ Scra │ tes │ 00D │ 2024-1 │ 2024-10 │
│  │       │ ps: │ ame │ 00004S │        │ tch  │ t-1 │ B00 │ 0-08T1 │ -09     │
│  │       │ //n │ spa │ uOLMA0 │        │      │ yom │ 000 │ 5:24:2 │         │
│  │       │ oso │ ce  │        │        │      │ elh │ 00I │ 1.000+ │         │
│  │       │ ftw │     │        │        │      │ 1c0 │ h65 │ 0000   │         │
│  │       │ are │     │        │        │      │ ha@ │ MAC │        │         │
│  │       │ -pl │     │        │        │      │ exa │     │        │         │
│  │       │ atf │     │        │        │      │ mpl │     │        │         │
│  │       │ orm │     │        │        │      │ e.c │     │        │         │
│  │       │ -82 │     │        │        │      │ om  │     │        │         │
│  │       │ 92- │     │        │        │      │     │     │        │         │
│  │       │ dev │     │        │        │      │     │     │        │         │
│  │       │ -ed │     │        │        │      │     │     │        │         │
│  │       │ .sc │     │        │        │      │     │     │        │         │
│  │       │ rat │     │        │        │      │     │     │        │         │
│  │       │ ch. │     │        │        │      │     │     │        │         │
│  │       │ my. │     │        │        │      │     │     │        │         │
│  │       │ sal │     │        │        │      │     │     │        │         │
│  │       │ esf │     │        │        │      │     │     │        │         │
│  │       │ orc │     │        │        │      │     │     │        │         │
│  │       │ e.c │     │        │        │      │     │     │        │         │
│  │       │ om  │     │        │        │      │     │     │        │         │
└──┴───────┴─────┴─────┴────────┴────────┴──────┴─────┴─────┴────────┴─────────┘

